[    0.000000] Initializing cgroup subsys cpuset
[    0.000000] Initializing cgroup subsys cpu
[    0.000000] Initializing cgroup subsys cpuacct
[    0.000000] Linux version 3.14.65-ARCH-gddfc851 (siddharth@siddharth) (gcc version 5.3.0 (GCC) ) #69 SMP PREEMPT Sun May 8 19:04:17 UTC 2016
[    0.000000] Command line: BOOT_IMAGE=/boot/vmlinuz-linux31465ARCH root=UUID=2ccde4fd-5f2a-4099-8737-d82575a9f780 rw quiet
[    0.000000] Disabled fast string operations
[    0.000000] e820: BIOS-provided physical RAM map:
[    0.000000] BIOS-e820: [mem 0x0000000000000000-0x000000000009f7ff] usable
[    0.000000] BIOS-e820: [mem 0x000000000009f800-0x000000000009ffff] reserved
[    0.000000] BIOS-e820: [mem 0x00000000000dc000-0x00000000000fffff] reserved
[    0.000000] BIOS-e820: [mem 0x0000000000100000-0x000000007feeffff] usable
[    0.000000] BIOS-e820: [mem 0x000000007fef0000-0x000000007fefefff] ACPI data
[    0.000000] BIOS-e820: [mem 0x000000007feff000-0x000000007fefffff] ACPI NVS
[    0.000000] BIOS-e820: [mem 0x000000007ff00000-0x000000007fffffff] usable
[    0.000000] BIOS-e820: [mem 0x00000000f0000000-0x00000000f7ffffff] reserved
[    0.000000] BIOS-e820: [mem 0x00000000fec00000-0x00000000fec0ffff] reserved
[    0.000000] BIOS-e820: [mem 0x00000000fee00000-0x00000000fee00fff] reserved
[    0.000000] BIOS-e820: [mem 0x00000000fffe0000-0x00000000ffffffff] reserved
[    0.000000] NX (Execute Disable) protection: active
[    0.000000] SMBIOS 2.7 present.
[    0.000000] DMI: VMware, Inc. VMware Virtual Platform/440BX Desktop Reference Platform, BIOS 6.00 07/02/2015
[    0.000000] Hypervisor detected: VMware
[    0.000000] e820: update [mem 0x00000000-0x00000fff] usable ==> reserved
[    0.000000] e820: remove [mem 0x000a0000-0x000fffff] usable
[    0.000000] No AGP bridge found
[    0.000000] e820: last_pfn = 0x80000 max_arch_pfn = 0x400000000
[    0.000000] MTRR default type: uncachable
[    0.000000] MTRR fixed ranges enabled:
[    0.000000]   00000-9FFFF write-back
[    0.000000]   A0000-BFFFF uncachable
[    0.000000]   C0000-CBFFF write-protect
[    0.000000]   CC000-EFFFF uncachable
[    0.000000]   F0000-FFFFF write-protect
[    0.000000] MTRR variable ranges enabled:
[    0.000000]   0 base 00000000000 mask 3FF80000000 write-back
[    0.000000]   1 disabled
[    0.000000]   2 disabled
[    0.000000]   3 disabled
[    0.000000]   4 disabled
[    0.000000]   5 disabled
[    0.000000]   6 disabled
[    0.000000]   7 disabled
[    0.000000] x86 PAT enabled: cpu 0, old 0x7040600070406, new 0x7010600070106
[    0.000000] found SMP MP-table at [mem 0x000f6a80-0x000f6a8f] mapped at [ffff8800000f6a80]
[    0.000000] Scanning 1 areas for low memory corruption
[    0.000000] Base memory trampoline at [ffff880000099000] 99000 size 24576
[    0.000000] Using GB pages for direct mapping
[    0.000000] init_memory_mapping: [mem 0x00000000-0x000fffff]
[    0.000000]  [mem 0x00000000-0x000fffff] page 4k
[    0.000000] BRK [0x01b21000, 0x01b21fff] PGTABLE
[    0.000000] BRK [0x01b22000, 0x01b22fff] PGTABLE
[    0.000000] BRK [0x01b23000, 0x01b23fff] PGTABLE
[    0.000000] init_memory_mapping: [mem 0x7fc00000-0x7fdfffff]
[    0.000000]  [mem 0x7fc00000-0x7fdfffff] page 2M
[    0.000000] BRK [0x01b24000, 0x01b24fff] PGTABLE
[    0.000000] init_memory_mapping: [mem 0x7c000000-0x7fbfffff]
[    0.000000]  [mem 0x7c000000-0x7fbfffff] page 2M
[    0.000000] init_memory_mapping: [mem 0x00100000-0x7bffffff]
[    0.000000]  [mem 0x00100000-0x001fffff] page 4k
[    0.000000]  [mem 0x00200000-0x7bffffff] page 2M
[    0.000000] init_memory_mapping: [mem 0x7fe00000-0x7feeffff]
[    0.000000]  [mem 0x7fe00000-0x7feeffff] page 4k
[    0.000000] BRK [0x01b25000, 0x01b25fff] PGTABLE
[    0.000000] init_memory_mapping: [mem 0x7ff00000-0x7fffffff]
[    0.000000]  [mem 0x7ff00000-0x7fffffff] page 4k
[    0.000000] RAMDISK: [mem 0x379da000-0x37ce4fff]
[    0.000000] ACPI: RSDP 0x00000000000F6A10 000024 (v02 PTLTD )
[    0.000000] ACPI: XSDT 0x000000007FEF0403 00005C (v01 INTEL  440BX    06040000 VMW  01324272)
[    0.000000] ACPI: FACP 0x000000007FEFEE73 0000F4 (v04 INTEL  440BX    06040000 PTL  000F4240)
[    0.000000] ACPI: DSDT 0x000000007FEF0689 00E7EA (v01 PTLTD  Custom   06040000 MSFT 03000001)
[    0.000000] ACPI: FACS 0x000000007FEFFFC0 000040
[    0.000000] ACPI: BOOT 0x000000007FEF0661 000028 (v01 PTLTD  $SBFTBL$ 06040000  LTP 00000001)
[    0.000000] ACPI: APIC 0x000000007FEF0603 00005E (v01 PTLTD  ? APIC   06040000  LTP 00000000)
[    0.000000] ACPI: MCFG 0x000000007FEF05C7 00003C (v01 PTLTD  $PCITBL$ 06040000  LTP 00000001)
[    0.000000] ACPI: SRAT 0x000000007FEF04FF 0000C8 (v02 VMWARE MEMPLUG  06040000 VMW  00000001)
[    0.000000] ACPI: HPET 0x000000007FEF04C7 000038 (v01 VMWARE VMW HPET 06040000 VMW  00000001)
[    0.000000] ACPI: WAET 0x000000007FEF049F 000028 (v01 VMWARE VMW WAET 06040000 VMW  00000001)
[    0.000000] ACPI: Local APIC address 0xfee00000
[    0.000000] SRAT: PXM 0 -> APIC 0x00 -> Node 0
[    0.000000] SRAT: PXM 0 -> APIC 0x02 -> Node 0
[    0.000000] SRAT: Node 0 PXM 0 [mem 0x00000000-0x0009ffff]
[    0.000000] SRAT: Node 0 PXM 0 [mem 0x00100000-0x0fffffff]
[    0.000000] SRAT: Node 0 PXM 0 [mem 0x10000000-0x7fffffff]
[    0.000000] NUMA: Node 0 [mem 0x00000000-0x0009ffff] + [mem 0x00100000-0x0fffffff] -> [mem 0x00000000-0x0fffffff]
[    0.000000] NUMA: Node 0 [mem 0x00000000-0x0fffffff] + [mem 0x10000000-0x7fffffff] -> [mem 0x00000000-0x7fffffff]
[    0.000000] Initmem setup node 0 [mem 0x00000000-0x7fffffff]
[    0.000000]   NODE_DATA [mem 0x7fffb000-0x7fffffff]
[    0.000000]  [ffffea0000000000-ffffea0001ffffff] PMD -> [ffff88007d600000-ffff88007f5fffff] on node 0
[    0.000000] Zone ranges:
[    0.000000]   DMA      [mem 0x00001000-0x00ffffff]
[    0.000000]   DMA32    [mem 0x01000000-0xffffffff]
[    0.000000]   Normal   empty
[    0.000000] Movable zone start for each node
[    0.000000] Early memory node ranges
[    0.000000]   node   0: [mem 0x00001000-0x0009efff]
[    0.000000]   node   0: [mem 0x00100000-0x7feeffff]
[    0.000000]   node   0: [mem 0x7ff00000-0x7fffffff]
[    0.000000] On node 0 totalpages: 524174
[    0.000000]   DMA zone: 64 pages used for memmap
[    0.000000]   DMA zone: 21 pages reserved
[    0.000000]   DMA zone: 3998 pages, LIFO batch:0
[    0.000000]   DMA32 zone: 8128 pages used for memmap
[    0.000000]   DMA32 zone: 520176 pages, LIFO batch:31
[    0.000000] ACPI: PM-Timer IO Port: 0x1008
[    0.000000] ACPI: Local APIC address 0xfee00000
[    0.000000] ACPI: LAPIC (acpi_id[0x00] lapic_id[0x00] enabled)
[    0.000000] ACPI: LAPIC (acpi_id[0x01] lapic_id[0x02] enabled)
[    0.000000] ACPI: LAPIC_NMI (acpi_id[0x00] high edge lint[0x1])
[    0.000000] ACPI: LAPIC_NMI (acpi_id[0x01] high edge lint[0x1])
[    0.000000] ACPI: IOAPIC (id[0x01] address[0xfec00000] gsi_base[0])
[    0.000000] IOAPIC[0]: apic_id 1, version 17, address 0xfec00000, GSI 0-23
[    0.000000] ACPI: INT_SRC_OVR (bus 0 bus_irq 0 global_irq 2 high edge)
[    0.000000] ACPI: IRQ0 used by override.
[    0.000000] ACPI: IRQ2 used by override.
[    0.000000] ACPI: IRQ9 used by override.
[    0.000000] Using ACPI (MADT) for SMP configuration information
[    0.000000] ACPI: HPET id: 0x8086af01 base: 0xfed00000
[    0.000000] smpboot: Allowing 2 CPUs, 0 hotplug CPUs
[    0.000000] nr_irqs_gsi: 40
[    0.000000] PM: Registered nosave memory: [mem 0x0009f000-0x0009ffff]
[    0.000000] PM: Registered nosave memory: [mem 0x000a0000-0x000dbfff]
[    0.000000] PM: Registered nosave memory: [mem 0x000dc000-0x000fffff]
[    0.000000] PM: Registered nosave memory: [mem 0x7fef0000-0x7fefefff]
[    0.000000] PM: Registered nosave memory: [mem 0x7feff000-0x7fefffff]
[    0.000000] e820: [mem 0x80000000-0xefffffff] available for PCI devices
[    0.000000] Booting paravirtualized kernel on bare hardware
[    0.000000] setup_percpu: NR_CPUS:128 nr_cpumask_bits:128 nr_cpu_ids:2 nr_node_ids:1
[    0.000000] PERCPU: Embedded 27 pages/cpu @ffff88007fc00000 s80576 r8192 d21824 u1048576
[    0.000000] pcpu-alloc: s80576 r8192 d21824 u1048576 alloc=1*2097152
[    0.000000] pcpu-alloc: [0] 0 1 
[    0.000000] Built 1 zonelists in Node order, mobility grouping on.  Total pages: 515961
[    0.000000] Policy zone: DMA32
[    0.000000] Kernel command line: BOOT_IMAGE=/boot/vmlinuz-linux31465ARCH root=UUID=2ccde4fd-5f2a-4099-8737-d82575a9f780 rw quiet
[    0.000000] PID hash table entries: 4096 (order: 3, 32768 bytes)
[    0.000000] xsave: enabled xstate_bv 0x7, cntxt size 0x340
[    0.000000] Checking aperture...
[    0.000000] No AGP bridge found
[    0.000000] Calgary: detecting Calgary via BIOS EBDA area
[    0.000000] Calgary: Unable to locate Rio Grande table in EBDA - bailing!
[    0.000000] Memory: 2048820K/2096696K available (5122K kernel code, 788K rwdata, 1568K rodata, 1108K init, 1272K bss, 47876K reserved)
[    0.000000] SLUB: HWalign=64, Order=0-3, MinObjects=0, CPUs=2, Nodes=1
[    0.000000] Preemptible hierarchical RCU implementation.
[    0.000000] 	RCU restricting CPUs from NR_CPUS=128 to nr_cpu_ids=2.
[    0.000000] RCU: Adjusting geometry for rcu_fanout_leaf=16, nr_cpu_ids=2
[    0.000000] NR_IRQS:8448 nr_irqs:512 16
[    0.000000] Console: colour dummy device 80x25
[    0.000000] console [tty0] enabled
[    0.000000] hpet clockevent registered
[    0.000000] TSC freq read from hypervisor : 2700.000 MHz
[    0.000000] tsc: Detected 2700.000 MHz processor
[    0.000049] Calibrating delay loop (skipped) preset value.. 5402.00 BogoMIPS (lpj=9000000)
[    0.000050] pid_max: default: 32768 minimum: 301
[    0.000055] ACPI: Core revision 20131218
[    0.006401] ACPI: All ACPI Tables successfully acquired
[    0.006422] Security Framework initialized
[    0.006518] Dentry cache hash table entries: 262144 (order: 9, 2097152 bytes)
[    0.006828] Inode-cache hash table entries: 131072 (order: 8, 1048576 bytes)
[    0.006952] Mount-cache hash table entries: 4096 (order: 3, 32768 bytes)
[    0.006955] Mountpoint-cache hash table entries: 4096 (order: 3, 32768 bytes)
[    0.007080] Initializing cgroup subsys devices
[    0.007081] Initializing cgroup subsys freezer
[    0.007082] Initializing cgroup subsys net_cls
[    0.007083] Initializing cgroup subsys blkio
[    0.007116] Disabled fast string operations
[    0.007118] CPU: Physical Processor ID: 0
[    0.007124] ENERGY_PERF_BIAS: Set to 'normal', was 'performance'
               ENERGY_PERF_BIAS: View and update with x86_energy_perf_policy(8)
[    0.008704] mce: CPU supports 0 MCE banks
[    0.008736] Last level iTLB entries: 4KB 64, 2MB 8, 4MB 8
               Last level dTLB entries: 4KB 64, 2MB 0, 4MB 0, 1GB 4
               tlb_flushall_shift: 6
[    0.009495] Freeing SMP alternatives memory: 16K (ffffffff819dc000 - ffffffff819e0000)
[    0.013352] ftrace: allocating 19616 entries in 77 pages
[    0.028181] Enabling x2apic
[    0.029151] Enabled x2apic
[    0.029432] Switched APIC routing to physical x2apic.
[    0.031075] ..TIMER: vector=0x30 apic1=0 pin1=2 apic2=-1 pin2=-1
[    0.064304] smpboot: CPU0: Intel(R) Core(TM) i5-5200U CPU @ 2.20GHz (fam: 06, model: 3d, stepping: 04)
[    0.064367] TSC deadline timer enabled
[    0.064385] Performance Events: generic architected perfmon v1, core PMU driver.
[    0.064403] perf_event_intel: CPUID marked event: 'cpu cycles' unavailable
[    0.064404] perf_event_intel: CPUID marked event: 'instructions' unavailable
[    0.064404] perf_event_intel: CPUID marked event: 'bus cycles' unavailable
[    0.064405] perf_event_intel: CPUID marked event: 'cache references' unavailable
[    0.064405] perf_event_intel: CPUID marked event: 'cache misses' unavailable
[    0.064406] perf_event_intel: CPUID marked event: 'branch instructions' unavailable
[    0.064406] perf_event_intel: CPUID marked event: 'branch misses' unavailable
[    0.064408] ... version:                1
[    0.064409] ... bit width:              48
[    0.064409] ... generic registers:      4
[    0.064410] ... value mask:             0000ffffffffffff
[    0.064410] ... max period:             000000007fffffff
[    0.064411] ... fixed-purpose events:   0
[    0.064411] ... event mask:             000000000000000f
[    0.084972] NMI watchdog: disabled (cpu0): hardware events not enabled
[    0.091948] x86: Booting SMP configuration:
[    0.091951] .... node  #0, CPUs:      #1
[    0.104067] Disabled fast string operations
[    0.104987] mce: CPU supports 0 MCE banks
[    0.105059] Skipped synchronization checks as TSC is reliable.
[    0.105301] x86: Booted up 1 node, 2 CPUs
[    0.105302] smpboot: Total of 2 processors activated (10804.00 BogoMIPS)
[    0.105924] devtmpfs: initialized
[    0.107493] PM: Registering ACPI NVS region [mem 0x7feff000-0x7fefffff] (4096 bytes)
[    0.108265] pinctrl core: initialized pinctrl subsystem
[    0.108398] RTC time: 19:55:18, date: 05/08/16
[    0.108431] NET: Registered protocol family 16
[    0.108527] cpuidle: using governor ladder
[    0.108528] cpuidle: using governor menu
[    0.108543] ACPI: bus type PCI registered
[    0.108544] acpiphp: ACPI Hot Plug PCI Controller Driver version: 0.5
[    0.108817] PCI: MMCONFIG for domain 0000 [bus 00-7f] at [mem 0xf0000000-0xf7ffffff] (base 0xf0000000)
[    0.108819] PCI: MMCONFIG at [mem 0xf0000000-0xf7ffffff] reserved in E820
[    0.108985] PCI: Using configuration type 1 for base access
[    0.109052] mtrr: your CPUs had inconsistent variable MTRR settings
[    0.109053] mtrr: probably your BIOS does not setup all CPUs.
[    0.109053] mtrr: corrected configuration.
[    0.109751] bio: create slab <bio-0> at 0
[    0.109999] ACPI: Added _OSI(Module Device)
[    0.110000] ACPI: Added _OSI(Processor Device)
[    0.110001] ACPI: Added _OSI(3.0 _SCP Extensions)
[    0.110002] ACPI: Added _OSI(Processor Aggregator Device)
[    0.117280] [Firmware Bug]: ACPI: BIOS _OSI(Linux) query ignored
[    0.144247] ACPI: Interpreter enabled
[    0.144254] ACPI Exception: AE_NOT_FOUND, While evaluating Sleep State [\_S2_] (20131218/hwxface-580)
[    0.144257] ACPI Exception: AE_NOT_FOUND, While evaluating Sleep State [\_S3_] (20131218/hwxface-580)
[    0.144263] ACPI: (supports S0 S1 S4 S5)
[    0.144264] ACPI: Using IOAPIC for interrupt routing
[    0.144286] PCI: Using host bridge windows from ACPI; if necessary, use "pci=nocrs" and report a bug
[    0.160310] ACPI: No dock devices found.
[    0.202150] ACPI: PCI Root Bridge [PCI0] (domain 0000 [bus 00-7f])
[    0.202155] acpi PNP0A03:00: _OSC: OS supports [ExtendedConfig ASPM ClockPM Segments MSI]
[    0.202313] acpi PNP0A03:00: _OSC: platform does not support [AER]
[    0.202439] acpi PNP0A03:00: _OSC: OS now controls [PCIeHotplug PME PCIeCapability]
[    0.204535] PCI host bridge to bus 0000:00
[    0.204538] pci_bus 0000:00: root bus resource [bus 00-7f]
[    0.204540] pci_bus 0000:00: root bus resource [mem 0x000a0000-0x000bffff]
[    0.204540] pci_bus 0000:00: root bus resource [mem 0x000cc000-0x000cffff]
[    0.204550] pci_bus 0000:00: root bus resource [mem 0x000d0000-0x000d3fff]
[    0.204550] pci_bus 0000:00: root bus resource [mem 0x000d4000-0x000d7fff]
[    0.204551] pci_bus 0000:00: root bus resource [mem 0x000d8000-0x000dbfff]
[    0.204552] pci_bus 0000:00: root bus resource [mem 0x80000000-0xfebfffff]
[    0.204553] pci_bus 0000:00: root bus resource [io  0x0000-0x0cf7]
[    0.204554] pci_bus 0000:00: root bus resource [io  0x0d00-0xfeff]
[    0.204620] pci 0000:00:00.0: [8086:7190] type 00 class 0x060000
[    0.205102] pci 0000:00:01.0: [8086:7191] type 01 class 0x060400
[    0.205514] pci 0000:00:07.0: [8086:7110] type 00 class 0x060100
[    0.206100] pci 0000:00:07.1: [8086:7111] type 00 class 0x01018a
[    0.208214] pci 0000:00:07.1: reg 0x20: [io  0x1060-0x106f]
[    0.209195] pci 0000:00:07.3: [8086:7113] type 00 class 0x068000
[    0.211505] pci 0000:00:07.3: address space collision: [io  0x1000-0x103f] conflicts with ACPI PM1a_EVT_BLK [??? 0x00001000-0x00001003 flags 0x80000000]
[    0.211516] pci 0000:00:07.3: quirk: [io  0x1040-0x104f] claimed by PIIX4 SMB
[    0.211797] pci 0000:00:07.7: [15ad:0740] type 00 class 0x088000
[    0.212632] pci 0000:00:07.7: reg 0x10: [io  0x1080-0x10bf]
[    0.213381] pci 0000:00:07.7: reg 0x14: [mem 0xfebfe000-0xfebfffff 64bit]
[    0.217235] pci 0000:00:0f.0: [15ad:0405] type 00 class 0x030000
[    0.222346] pci 0000:00:0f.0: reg 0x10: [io  0x1070-0x107f]
[    0.227209] pci 0000:00:0f.0: reg 0x14: [mem 0xe8000000-0xefffffff pref]
[    0.232086] pci 0000:00:0f.0: reg 0x18: [mem 0xfe000000-0xfe7fffff]
[    0.251485] pci 0000:00:0f.0: reg 0x30: [mem 0x00000000-0x00007fff pref]
[    0.252008] pci 0000:00:10.0: [1000:0030] type 00 class 0x010000
[    0.253226] pci 0000:00:10.0: reg 0x10: [io  0x1400-0x14ff]
[    0.254372] pci 0000:00:10.0: reg 0x14: [mem 0xfeba0000-0xfebbffff 64bit]
[    0.255576] pci 0000:00:10.0: reg 0x1c: [mem 0xfebc0000-0xfebdffff 64bit]
[    0.257898] pci 0000:00:10.0: reg 0x30: [mem 0x00000000-0x00003fff pref]
[    0.258279] pci 0000:00:11.0: [15ad:0790] type 01 class 0x060401
[    0.258831] pci 0000:00:11.0: System wakeup disabled by ACPI
[    0.259002] pci 0000:00:15.0: [15ad:07a0] type 01 class 0x060400
[    0.259648] pci 0000:00:15.0: PME# supported from D0 D3hot D3cold
[    0.259814] pci 0000:00:15.0: System wakeup disabled by ACPI
[    0.259956] pci 0000:00:15.1: [15ad:07a0] type 01 class 0x060400
[    0.260619] pci 0000:00:15.1: PME# supported from D0 D3hot D3cold
[    0.260786] pci 0000:00:15.1: System wakeup disabled by ACPI
[    0.260929] pci 0000:00:15.2: [15ad:07a0] type 01 class 0x060400
[    0.261591] pci 0000:00:15.2: PME# supported from D0 D3hot D3cold
[    0.261778] pci 0000:00:15.2: System wakeup disabled by ACPI
[    0.261926] pci 0000:00:15.3: [15ad:07a0] type 01 class 0x060400
[    0.262570] pci 0000:00:15.3: PME# supported from D0 D3hot D3cold
[    0.262739] pci 0000:00:15.3: System wakeup disabled by ACPI
[    0.262888] pci 0000:00:15.4: [15ad:07a0] type 01 class 0x060400
[    0.263481] pci 0000:00:15.4: PME# supported from D0 D3hot D3cold
[    0.263628] pci 0000:00:15.4: System wakeup disabled by ACPI
[    0.263756] pci 0000:00:15.5: [15ad:07a0] type 01 class 0x060400
[    0.264417] pci 0000:00:15.5: PME# supported from D0 D3hot D3cold
[    0.264587] pci 0000:00:15.5: System wakeup disabled by ACPI
[    0.264718] pci 0000:00:15.6: [15ad:07a0] type 01 class 0x060400
[    0.265324] pci 0000:00:15.6: PME# supported from D0 D3hot D3cold
[    0.265473] pci 0000:00:15.6: System wakeup disabled by ACPI
[    0.265600] pci 0000:00:15.7: [15ad:07a0] type 01 class 0x060400
[    0.266214] pci 0000:00:15.7: PME# supported from D0 D3hot D3cold
[    0.266362] pci 0000:00:15.7: System wakeup disabled by ACPI
[    0.266499] pci 0000:00:16.0: [15ad:07a0] type 01 class 0x060400
[    0.267089] pci 0000:00:16.0: PME# supported from D0 D3hot D3cold
[    0.267236] pci 0000:00:16.0: System wakeup disabled by ACPI
[    0.267364] pci 0000:00:16.1: [15ad:07a0] type 01 class 0x060400
[    0.267955] pci 0000:00:16.1: PME# supported from D0 D3hot D3cold
[    0.268105] pci 0000:00:16.1: System wakeup disabled by ACPI
[    0.268277] pci 0000:00:16.2: [15ad:07a0] type 01 class 0x060400
[    0.268876] pci 0000:00:16.2: PME# supported from D0 D3hot D3cold
[    0.269024] pci 0000:00:16.2: System wakeup disabled by ACPI
[    0.269153] pci 0000:00:16.3: [15ad:07a0] type 01 class 0x060400
[    0.269803] pci 0000:00:16.3: PME# supported from D0 D3hot D3cold
[    0.269953] pci 0000:00:16.3: System wakeup disabled by ACPI
[    0.270085] pci 0000:00:16.4: [15ad:07a0] type 01 class 0x060400
[    0.270699] pci 0000:00:16.4: PME# supported from D0 D3hot D3cold
[    0.270866] pci 0000:00:16.4: System wakeup disabled by ACPI
[    0.270998] pci 0000:00:16.5: [15ad:07a0] type 01 class 0x060400
[    0.271600] pci 0000:00:16.5: PME# supported from D0 D3hot D3cold
[    0.271757] pci 0000:00:16.5: System wakeup disabled by ACPI
[    0.271885] pci 0000:00:16.6: [15ad:07a0] type 01 class 0x060400
[    0.272496] pci 0000:00:16.6: PME# supported from D0 D3hot D3cold
[    0.272646] pci 0000:00:16.6: System wakeup disabled by ACPI
[    0.272801] pci 0000:00:16.7: [15ad:07a0] type 01 class 0x060400
[    0.273405] pci 0000:00:16.7: PME# supported from D0 D3hot D3cold
[    0.273554] pci 0000:00:16.7: System wakeup disabled by ACPI
[    0.273684] pci 0000:00:17.0: [15ad:07a0] type 01 class 0x060400
[    0.274309] pci 0000:00:17.0: PME# supported from D0 D3hot D3cold
[    0.274458] pci 0000:00:17.0: System wakeup disabled by ACPI
[    0.274588] pci 0000:00:17.1: [15ad:07a0] type 01 class 0x060400
[    0.275194] pci 0000:00:17.1: PME# supported from D0 D3hot D3cold
[    0.275341] pci 0000:00:17.1: System wakeup disabled by ACPI
[    0.275469] pci 0000:00:17.2: [15ad:07a0] type 01 class 0x060400
[    0.276059] pci 0000:00:17.2: PME# supported from D0 D3hot D3cold
[    0.276244] pci 0000:00:17.2: System wakeup disabled by ACPI
[    0.276376] pci 0000:00:17.3: [15ad:07a0] type 01 class 0x060400
[    0.276979] pci 0000:00:17.3: PME# supported from D0 D3hot D3cold
[    0.277127] pci 0000:00:17.3: System wakeup disabled by ACPI
[    0.277257] pci 0000:00:17.4: [15ad:07a0] type 01 class 0x060400
[    0.277861] pci 0000:00:17.4: PME# supported from D0 D3hot D3cold
[    0.278010] pci 0000:00:17.4: System wakeup disabled by ACPI
[    0.278139] pci 0000:00:17.5: [15ad:07a0] type 01 class 0x060400
[    0.278739] pci 0000:00:17.5: PME# supported from D0 D3hot D3cold
[    0.278887] pci 0000:00:17.5: System wakeup disabled by ACPI
[    0.279015] pci 0000:00:17.6: [15ad:07a0] type 01 class 0x060400
[    0.279621] pci 0000:00:17.6: PME# supported from D0 D3hot D3cold
[    0.279781] pci 0000:00:17.6: System wakeup disabled by ACPI
[    0.279909] pci 0000:00:17.7: [15ad:07a0] type 01 class 0x060400
[    0.280514] pci 0000:00:17.7: PME# supported from D0 D3hot D3cold
[    0.280664] pci 0000:00:17.7: System wakeup disabled by ACPI
[    0.280805] pci 0000:00:18.0: [15ad:07a0] type 01 class 0x060400
[    0.281409] pci 0000:00:18.0: PME# supported from D0 D3hot D3cold
[    0.281559] pci 0000:00:18.0: System wakeup disabled by ACPI
[    0.281695] pci 0000:00:18.1: [15ad:07a0] type 01 class 0x060400
[    0.282287] pci 0000:00:18.1: PME# supported from D0 D3hot D3cold
[    0.282434] pci 0000:00:18.1: System wakeup disabled by ACPI
[    0.282562] pci 0000:00:18.2: [15ad:07a0] type 01 class 0x060400
[    0.283178] pci 0000:00:18.2: PME# supported from D0 D3hot D3cold
[    0.283329] pci 0000:00:18.2: System wakeup disabled by ACPI
[    0.283456] pci 0000:00:18.3: [15ad:07a0] type 01 class 0x060400
[    0.284047] pci 0000:00:18.3: PME# supported from D0 D3hot D3cold
[    0.284206] pci 0000:00:18.3: System wakeup disabled by ACPI
[    0.284337] pci 0000:00:18.4: [15ad:07a0] type 01 class 0x060400
[    0.284964] pci 0000:00:18.4: PME# supported from D0 D3hot D3cold
[    0.285120] pci 0000:00:18.4: System wakeup disabled by ACPI
[    0.285248] pci 0000:00:18.5: [15ad:07a0] type 01 class 0x060400
[    0.285839] pci 0000:00:18.5: PME# supported from D0 D3hot D3cold
[    0.285987] pci 0000:00:18.5: System wakeup disabled by ACPI
[    0.286115] pci 0000:00:18.6: [15ad:07a0] type 01 class 0x060400
[    0.286741] pci 0000:00:18.6: PME# supported from D0 D3hot D3cold
[    0.286905] pci 0000:00:18.6: System wakeup disabled by ACPI
[    0.287036] pci 0000:00:18.7: [15ad:07a0] type 01 class 0x060400
[    0.287627] pci 0000:00:18.7: PME# supported from D0 D3hot D3cold
[    0.287775] pci 0000:00:18.7: System wakeup disabled by ACPI
[    0.288200] pci 0000:00:01.0: PCI bridge to [bus 01]
[    0.288523] acpiphp: Slot [32] registered
[    0.288578] acpiphp: Slot [33] registered
[    0.288598] acpiphp: Slot [34] registered
[    0.288616] acpiphp: Slot [35] registered
[    0.288634] acpiphp: Slot [36] registered
[    0.288650] acpiphp: Slot [37] registered
[    0.288668] acpiphp: Slot [38] registered
[    0.288685] acpiphp: Slot [39] registered
[    0.288704] acpiphp: Slot [40] registered
[    0.288723] acpiphp: Slot [41] registered
[    0.288742] acpiphp: Slot [42] registered
[    0.288759] acpiphp: Slot [43] registered
[    0.288775] acpiphp: Slot [44] registered
[    0.288792] acpiphp: Slot [45] registered
[    0.288810] acpiphp: Slot [46] registered
[    0.288828] acpiphp: Slot [47] registered
[    0.288846] acpiphp: Slot [48] registered
[    0.288863] acpiphp: Slot [49] registered
[    0.288880] acpiphp: Slot [50] registered
[    0.288899] acpiphp: Slot [51] registered
[    0.288916] acpiphp: Slot [52] registered
[    0.288933] acpiphp: Slot [53] registered
[    0.288954] acpiphp: Slot [54] registered
[    0.288972] acpiphp: Slot [55] registered
[    0.288989] acpiphp: Slot [56] registered
[    0.289006] acpiphp: Slot [57] registered
[    0.289023] acpiphp: Slot [58] registered
[    0.289040] acpiphp: Slot [59] registered
[    0.289059] acpiphp: Slot [60] registered
[    0.289079] acpiphp: Slot [61] registered
[    0.289097] acpiphp: Slot [62] registered
[    0.289114] acpiphp: Slot [63] registered
[    0.289198] pci 0000:02:00.0: [8086:100f] type 00 class 0x020000
[    0.290720] pci 0000:02:00.0: reg 0x10: [mem 0xfd5c0000-0xfd5dffff 64bit]
[    0.291882] pci 0000:02:00.0: reg 0x18: [mem 0xfdff0000-0xfdffffff 64bit]
[    0.292963] pci 0000:02:00.0: reg 0x20: [io  0x2000-0x203f]
[    0.295193] pci 0000:02:00.0: reg 0x30: [mem 0x00000000-0x0000ffff pref]
[    0.295529] pci 0000:02:00.0: System wakeup disabled by ACPI
[    0.295629] pci 0000:02:01.0: [1274:1371] type 00 class 0x040100
[    0.296029] pci 0000:02:01.0: reg 0x10: [io  0x2040-0x207f]
[    0.298391] pci 0000:02:01.0: System wakeup disabled by ACPI
[    0.298692] pci 0000:00:11.0: PCI bridge to [bus 02] (subtractive decode)
[    0.298711] pci 0000:00:11.0:   bridge window [io  0x2000-0x3fff]
[    0.298730] pci 0000:00:11.0:   bridge window [mem 0xfd500000-0xfdffffff]
[    0.298766] pci 0000:00:11.0:   bridge window [mem 0xe7b00000-0xe7ffffff 64bit pref]
[    0.298767] pci 0000:00:11.0:   bridge window [mem 0x000a0000-0x000bffff] (subtractive decode)
[    0.298768] pci 0000:00:11.0:   bridge window [mem 0x000cc000-0x000cffff] (subtractive decode)
[    0.298769] pci 0000:00:11.0:   bridge window [mem 0x000d0000-0x000d3fff] (subtractive decode)
[    0.298770] pci 0000:00:11.0:   bridge window [mem 0x000d4000-0x000d7fff] (subtractive decode)
[    0.298771] pci 0000:00:11.0:   bridge window [mem 0x000d8000-0x000dbfff] (subtractive decode)
[    0.298772] pci 0000:00:11.0:   bridge window [mem 0x80000000-0xfebfffff] (subtractive decode)
[    0.298773] pci 0000:00:11.0:   bridge window [io  0x0000-0x0cf7] (subtractive decode)
[    0.298774] pci 0000:00:11.0:   bridge window [io  0x0d00-0xfeff] (subtractive decode)
[    0.299153] pci 0000:00:15.0: PCI bridge to [bus 03]
[    0.299173] pci 0000:00:15.0:   bridge window [io  0x4000-0x4fff]
[    0.299192] pci 0000:00:15.0:   bridge window [mem 0xfd400000-0xfd4fffff]
[    0.299227] pci 0000:00:15.0:   bridge window [mem 0xe7a00000-0xe7afffff 64bit pref]
[    0.299594] pci 0000:00:15.1: PCI bridge to [bus 04]
[    0.299612] pci 0000:00:15.1:   bridge window [io  0x8000-0x8fff]
[    0.299631] pci 0000:00:15.1:   bridge window [mem 0xfd000000-0xfd0fffff]
[    0.299666] pci 0000:00:15.1:   bridge window [mem 0xe7600000-0xe76fffff 64bit pref]
[    0.300016] pci 0000:00:15.2: PCI bridge to [bus 05]
[    0.300035] pci 0000:00:15.2:   bridge window [io  0xc000-0xcfff]
[    0.300054] pci 0000:00:15.2:   bridge window [mem 0xfcc00000-0xfccfffff]
[    0.300089] pci 0000:00:15.2:   bridge window [mem 0xe7200000-0xe72fffff 64bit pref]
[    0.300465] pci 0000:00:15.3: PCI bridge to [bus 06]
[    0.300501] pci 0000:00:15.3:   bridge window [mem 0xfc800000-0xfc8fffff]
[    0.300538] pci 0000:00:15.3:   bridge window [mem 0xe6e00000-0xe6efffff 64bit pref]
[    0.300893] pci 0000:00:15.4: PCI bridge to [bus 07]
[    0.300929] pci 0000:00:15.4:   bridge window [mem 0xfc400000-0xfc4fffff]
[    0.300965] pci 0000:00:15.4:   bridge window [mem 0xe6a00000-0xe6afffff 64bit pref]
[    0.301324] pci 0000:00:15.5: PCI bridge to [bus 08]
[    0.301360] pci 0000:00:15.5:   bridge window [mem 0xfc000000-0xfc0fffff]
[    0.301396] pci 0000:00:15.5:   bridge window [mem 0xe6600000-0xe66fffff 64bit pref]
[    0.301751] pci 0000:00:15.6: PCI bridge to [bus 09]
[    0.301787] pci 0000:00:15.6:   bridge window [mem 0xfbc00000-0xfbcfffff]
[    0.301823] pci 0000:00:15.6:   bridge window [mem 0xe6200000-0xe62fffff 64bit pref]
[    0.302194] pci 0000:00:15.7: PCI bridge to [bus 0a]
[    0.302226] pci 0000:00:15.7:   bridge window [mem 0xfb800000-0xfb8fffff]
[    0.302259] pci 0000:00:15.7:   bridge window [mem 0xe5e00000-0xe5efffff 64bit pref]
[    0.302584] pci 0000:00:16.0: PCI bridge to [bus 0b]
[    0.302602] pci 0000:00:16.0:   bridge window [io  0x5000-0x5fff]
[    0.302619] pci 0000:00:16.0:   bridge window [mem 0xfd300000-0xfd3fffff]
[    0.302652] pci 0000:00:16.0:   bridge window [mem 0xe7900000-0xe79fffff 64bit pref]
[    0.302977] pci 0000:00:16.1: PCI bridge to [bus 0c]
[    0.302995] pci 0000:00:16.1:   bridge window [io  0x9000-0x9fff]
[    0.303012] pci 0000:00:16.1:   bridge window [mem 0xfcf00000-0xfcffffff]
[    0.303045] pci 0000:00:16.1:   bridge window [mem 0xe7500000-0xe75fffff 64bit pref]
[    0.303373] pci 0000:00:16.2: PCI bridge to [bus 0d]
[    0.303389] pci 0000:00:16.2:   bridge window [io  0xd000-0xdfff]
[    0.303406] pci 0000:00:16.2:   bridge window [mem 0xfcb00000-0xfcbfffff]
[    0.303439] pci 0000:00:16.2:   bridge window [mem 0xe7100000-0xe71fffff 64bit pref]
[    0.303784] pci 0000:00:16.3: PCI bridge to [bus 0e]
[    0.303819] pci 0000:00:16.3:   bridge window [mem 0xfc700000-0xfc7fffff]
[    0.303854] pci 0000:00:16.3:   bridge window [mem 0xe6d00000-0xe6dfffff 64bit pref]
[    0.304206] pci 0000:00:16.4: PCI bridge to [bus 0f]
[    0.304240] pci 0000:00:16.4:   bridge window [mem 0xfc300000-0xfc3fffff]
[    0.304274] pci 0000:00:16.4:   bridge window [mem 0xe6900000-0xe69fffff 64bit pref]
[    0.304610] pci 0000:00:16.5: PCI bridge to [bus 10]
[    0.304644] pci 0000:00:16.5:   bridge window [mem 0xfbf00000-0xfbffffff]
[    0.304678] pci 0000:00:16.5:   bridge window [mem 0xe6500000-0xe65fffff 64bit pref]
[    0.305012] pci 0000:00:16.6: PCI bridge to [bus 11]
[    0.305045] pci 0000:00:16.6:   bridge window [mem 0xfbb00000-0xfbbfffff]
[    0.305078] pci 0000:00:16.6:   bridge window [mem 0xe6100000-0xe61fffff 64bit pref]
[    0.305420] pci 0000:00:16.7: PCI bridge to [bus 12]
[    0.305454] pci 0000:00:16.7:   bridge window [mem 0xfb700000-0xfb7fffff]
[    0.305487] pci 0000:00:16.7:   bridge window [mem 0xe5d00000-0xe5dfffff 64bit pref]
[    0.305820] pci 0000:00:17.0: PCI bridge to [bus 13]
[    0.305838] pci 0000:00:17.0:   bridge window [io  0x6000-0x6fff]
[    0.305855] pci 0000:00:17.0:   bridge window [mem 0xfd200000-0xfd2fffff]
[    0.305888] pci 0000:00:17.0:   bridge window [mem 0xe7800000-0xe78fffff 64bit pref]
[    0.306214] pci 0000:00:17.1: PCI bridge to [bus 14]
[    0.306231] pci 0000:00:17.1:   bridge window [io  0xa000-0xafff]
[    0.306248] pci 0000:00:17.1:   bridge window [mem 0xfce00000-0xfcefffff]
[    0.306281] pci 0000:00:17.1:   bridge window [mem 0xe7400000-0xe74fffff 64bit pref]
[    0.306605] pci 0000:00:17.2: PCI bridge to [bus 15]
[    0.306623] pci 0000:00:17.2:   bridge window [io  0xe000-0xefff]
[    0.306640] pci 0000:00:17.2:   bridge window [mem 0xfca00000-0xfcafffff]
[    0.306673] pci 0000:00:17.2:   bridge window [mem 0xe7000000-0xe70fffff 64bit pref]
[    0.307002] pci 0000:00:17.3: PCI bridge to [bus 16]
[    0.307036] pci 0000:00:17.3:   bridge window [mem 0xfc600000-0xfc6fffff]
[    0.307069] pci 0000:00:17.3:   bridge window [mem 0xe6c00000-0xe6cfffff 64bit pref]
[    0.307423] pci 0000:00:17.4: PCI bridge to [bus 17]
[    0.307457] pci 0000:00:17.4:   bridge window [mem 0xfc200000-0xfc2fffff]
[    0.307490] pci 0000:00:17.4:   bridge window [mem 0xe6800000-0xe68fffff 64bit pref]
[    0.307818] pci 0000:00:17.5: PCI bridge to [bus 18]
[    0.307850] pci 0000:00:17.5:   bridge window [mem 0xfbe00000-0xfbefffff]
[    0.307883] pci 0000:00:17.5:   bridge window [mem 0xe6400000-0xe64fffff 64bit pref]
[    0.308228] pci 0000:00:17.6: PCI bridge to [bus 19]
[    0.308261] pci 0000:00:17.6:   bridge window [mem 0xfba00000-0xfbafffff]
[    0.308294] pci 0000:00:17.6:   bridge window [mem 0xe6000000-0xe60fffff 64bit pref]
[    0.308637] pci 0000:00:17.7: PCI bridge to [bus 1a]
[    0.308670] pci 0000:00:17.7:   bridge window [mem 0xfb600000-0xfb6fffff]
[    0.308703] pci 0000:00:17.7:   bridge window [mem 0xe5c00000-0xe5cfffff 64bit pref]
[    0.309029] pci 0000:00:18.0: PCI bridge to [bus 1b]
[    0.309047] pci 0000:00:18.0:   bridge window [io  0x7000-0x7fff]
[    0.309063] pci 0000:00:18.0:   bridge window [mem 0xfd100000-0xfd1fffff]
[    0.309096] pci 0000:00:18.0:   bridge window [mem 0xe7700000-0xe77fffff 64bit pref]
[    0.309425] pci 0000:00:18.1: PCI bridge to [bus 1c]
[    0.309442] pci 0000:00:18.1:   bridge window [io  0xb000-0xbfff]
[    0.309459] pci 0000:00:18.1:   bridge window [mem 0xfcd00000-0xfcdfffff]
[    0.309492] pci 0000:00:18.1:   bridge window [mem 0xe7300000-0xe73fffff 64bit pref]
[    0.309817] pci 0000:00:18.2: PCI bridge to [bus 1d]
[    0.309850] pci 0000:00:18.2:   bridge window [mem 0xfc900000-0xfc9fffff]
[    0.309883] pci 0000:00:18.2:   bridge window [mem 0xe6f00000-0xe6ffffff 64bit pref]
[    0.310207] pci 0000:00:18.3: PCI bridge to [bus 1e]
[    0.310241] pci 0000:00:18.3:   bridge window [mem 0xfc500000-0xfc5fffff]
[    0.310274] pci 0000:00:18.3:   bridge window [mem 0xe6b00000-0xe6bfffff 64bit pref]
[    0.310627] pci 0000:00:18.4: PCI bridge to [bus 1f]
[    0.310659] pci 0000:00:18.4:   bridge window [mem 0xfc100000-0xfc1fffff]
[    0.310692] pci 0000:00:18.4:   bridge window [mem 0xe6700000-0xe67fffff 64bit pref]
[    0.311056] pci 0000:00:18.5: PCI bridge to [bus 20]
[    0.311092] pci 0000:00:18.5:   bridge window [mem 0xfbd00000-0xfbdfffff]
[    0.311127] pci 0000:00:18.5:   bridge window [mem 0xe6300000-0xe63fffff 64bit pref]
[    0.311496] pci 0000:00:18.6: PCI bridge to [bus 21]
[    0.311530] pci 0000:00:18.6:   bridge window [mem 0xfb900000-0xfb9fffff]
[    0.311563] pci 0000:00:18.6:   bridge window [mem 0xe5f00000-0xe5ffffff 64bit pref]
[    0.311914] pci 0000:00:18.7: PCI bridge to [bus 22]
[    0.311960] pci 0000:00:18.7:   bridge window [mem 0xfb500000-0xfb5fffff]
[    0.311996] pci 0000:00:18.7:   bridge window [mem 0xe5b00000-0xe5bfffff 64bit pref]
[    0.313560] ACPI: PCI Interrupt Link [LNKA] (IRQs 3 4 5 6 7 *9 10 11 14 15)
[    0.313627] ACPI: PCI Interrupt Link [LNKB] (IRQs 3 4 5 6 7 9 10 *11 14 15)
[    0.313688] ACPI: PCI Interrupt Link [LNKC] (IRQs 3 4 5 6 7 9 *10 11 14 15)
[    0.313748] ACPI: PCI Interrupt Link [LNKD] (IRQs 3 4 5 6 *7 9 10 11 14 15)
[    0.343093] ACPI: Enabled 2 GPEs in block 00 to 0F
[    0.343401] vgaarb: device added: PCI:0000:00:0f.0,decodes=io+mem,owns=io+mem,locks=none
[    0.343410] vgaarb: loaded
[    0.343411] vgaarb: bridge control possible 0000:00:0f.0
[    0.343600] PCI: Using ACPI for IRQ routing
[    0.368546] PCI: pci_cache_line_size set to 64 bytes
[    0.369308] e820: reserve RAM buffer [mem 0x0009f800-0x0009ffff]
[    0.369310] e820: reserve RAM buffer [mem 0x7fef0000-0x7fffffff]
[    0.369389] NetLabel: Initializing
[    0.369390] NetLabel:  domain hash size = 128
[    0.369391] NetLabel:  protocols = UNLABELED CIPSOv4
[    0.369402] NetLabel:  unlabeled traffic allowed by default
[    0.369471] hpet0: at MMIO 0xfed00000, IRQs 2, 8, 0, 0, 0, 0, 0, 0, 0, 0, 0, 0, 0, 0, 0, 0
[    0.369476] hpet0: 16 comparators, 64-bit 14.318180 MHz counter
[    0.372707] Switched to clocksource hpet
[    0.377794] pnp: PnP ACPI init
[    0.377812] ACPI: bus type PNP registered
[    0.378447] system 00:00: [io  0x1000-0x103f] could not be reserved
[    0.378450] system 00:00: [io  0x1040-0x104f] has been reserved
[    0.378452] system 00:00: [io  0x0cf0-0x0cf1] has been reserved
[    0.378455] system 00:00: Plug and Play ACPI device, IDs PNP0c02 (active)
[    0.378465] pnp 00:01: [dma 4]
[    0.378477] pnp 00:01: Plug and Play ACPI device, IDs PNP0200 (active)
[    0.378493] pnp 00:02: Plug and Play ACPI device, IDs PNP0001 (active)
[    0.378527] pnp 00:03: Plug and Play ACPI device, IDs PNP0b00 (active)
[    0.378543] pnp 00:04: Plug and Play ACPI device, IDs PNP0800 (active)
[    0.378564] pnp 00:05: Plug and Play ACPI device, IDs PNP0303 (active)
[    0.378588] pnp 00:06: Plug and Play ACPI device, IDs VMW0003 PNP0f13 (active)
[    0.378881] system 00:07: [mem 0xfed00000-0xfed003ff] has been reserved
[    0.378884] system 00:07: Plug and Play ACPI device, IDs PNP0103 PNP0c01 (active)
[    0.381245] system 00:08: [io  0xfce0-0xfcff] has been reserved
[    0.381250] system 00:08: [mem 0xf0000000-0xf7ffffff] has been reserved
[    0.381252] system 00:08: [mem 0xfe800000-0xfe9fffff] has been reserved
[    0.381255] system 00:08: Plug and Play ACPI device, IDs PNP0c02 (active)
[    0.386902] pnp: PnP ACPI: found 9 devices
[    0.386905] ACPI: bus type PNP unregistered
[    0.397564] pci 0000:00:15.3: bridge window [io  0x1000-0x0fff] to [bus 06] add_size 1000
[    0.397635] pci 0000:00:15.4: bridge window [io  0x1000-0x0fff] to [bus 07] add_size 1000
[    0.397704] pci 0000:00:15.5: bridge window [io  0x1000-0x0fff] to [bus 08] add_size 1000
[    0.397773] pci 0000:00:15.6: bridge window [io  0x1000-0x0fff] to [bus 09] add_size 1000
[    0.397840] pci 0000:00:15.7: bridge window [io  0x1000-0x0fff] to [bus 0a] add_size 1000
[    0.398104] pci 0000:00:16.3: bridge window [io  0x1000-0x0fff] to [bus 0e] add_size 1000
[    0.398173] pci 0000:00:16.4: bridge window [io  0x1000-0x0fff] to [bus 0f] add_size 1000
[    0.398241] pci 0000:00:16.5: bridge window [io  0x1000-0x0fff] to [bus 10] add_size 1000
[    0.398309] pci 0000:00:16.6: bridge window [io  0x1000-0x0fff] to [bus 11] add_size 1000
[    0.398376] pci 0000:00:16.7: bridge window [io  0x1000-0x0fff] to [bus 12] add_size 1000
[    0.398639] pci 0000:00:17.3: bridge window [io  0x1000-0x0fff] to [bus 16] add_size 1000
[    0.398708] pci 0000:00:17.4: bridge window [io  0x1000-0x0fff] to [bus 17] add_size 1000
[    0.398777] pci 0000:00:17.5: bridge window [io  0x1000-0x0fff] to [bus 18] add_size 1000
[    0.398845] pci 0000:00:17.6: bridge window [io  0x1000-0x0fff] to [bus 19] add_size 1000
[    0.398914] pci 0000:00:17.7: bridge window [io  0x1000-0x0fff] to [bus 1a] add_size 1000
[    0.399114] pci 0000:00:18.2: bridge window [io  0x1000-0x0fff] to [bus 1d] add_size 1000
[    0.399182] pci 0000:00:18.3: bridge window [io  0x1000-0x0fff] to [bus 1e] add_size 1000
[    0.399251] pci 0000:00:18.4: bridge window [io  0x1000-0x0fff] to [bus 1f] add_size 1000
[    0.399319] pci 0000:00:18.5: bridge window [io  0x1000-0x0fff] to [bus 20] add_size 1000
[    0.399402] pci 0000:00:18.6: bridge window [io  0x1000-0x0fff] to [bus 21] add_size 1000
[    0.399467] pci 0000:00:18.7: bridge window [io  0x1000-0x0fff] to [bus 22] add_size 1000
[    0.399471] pci 0000:00:07.3: BAR 13: [io  0x1000-0x103f] has bogus alignment
[    0.399490] pci 0000:00:15.3: res[13]=[io  0x1000-0x0fff] get_res_add_size add_size 1000
[    0.399492] pci 0000:00:15.4: res[13]=[io  0x1000-0x0fff] get_res_add_size add_size 1000
[    0.399494] pci 0000:00:15.5: res[13]=[io  0x1000-0x0fff] get_res_add_size add_size 1000
[    0.399495] pci 0000:00:15.6: res[13]=[io  0x1000-0x0fff] get_res_add_size add_size 1000
[    0.399497] pci 0000:00:15.7: res[13]=[io  0x1000-0x0fff] get_res_add_size add_size 1000
[    0.399499] pci 0000:00:16.3: res[13]=[io  0x1000-0x0fff] get_res_add_size add_size 1000
[    0.399500] pci 0000:00:16.4: res[13]=[io  0x1000-0x0fff] get_res_add_size add_size 1000
[    0.399502] pci 0000:00:16.5: res[13]=[io  0x1000-0x0fff] get_res_add_size add_size 1000
[    0.399503] pci 0000:00:16.6: res[13]=[io  0x1000-0x0fff] get_res_add_size add_size 1000
[    0.399505] pci 0000:00:16.7: res[13]=[io  0x1000-0x0fff] get_res_add_size add_size 1000
[    0.399507] pci 0000:00:17.3: res[13]=[io  0x1000-0x0fff] get_res_add_size add_size 1000
[    0.399508] pci 0000:00:17.4: res[13]=[io  0x1000-0x0fff] get_res_add_size add_size 1000
[    0.399510] pci 0000:00:17.5: res[13]=[io  0x1000-0x0fff] get_res_add_size add_size 1000
[    0.399512] pci 0000:00:17.6: res[13]=[io  0x1000-0x0fff] get_res_add_size add_size 1000
[    0.399513] pci 0000:00:17.7: res[13]=[io  0x1000-0x0fff] get_res_add_size add_size 1000
[    0.399515] pci 0000:00:18.2: res[13]=[io  0x1000-0x0fff] get_res_add_size add_size 1000
[    0.399516] pci 0000:00:18.3: res[13]=[io  0x1000-0x0fff] get_res_add_size add_size 1000
[    0.399518] pci 0000:00:18.4: res[13]=[io  0x1000-0x0fff] get_res_add_size add_size 1000
[    0.399520] pci 0000:00:18.5: res[13]=[io  0x1000-0x0fff] get_res_add_size add_size 1000
[    0.399521] pci 0000:00:18.6: res[13]=[io  0x1000-0x0fff] get_res_add_size add_size 1000
[    0.399523] pci 0000:00:18.7: res[13]=[io  0x1000-0x0fff] get_res_add_size add_size 1000
[    0.399528] pci 0000:00:0f.0: BAR 6: assigned [mem 0x80000000-0x80007fff pref]
[    0.399532] pci 0000:00:10.0: BAR 6: assigned [mem 0x80008000-0x8000bfff pref]
[    0.399535] pci 0000:00:15.3: BAR 13: can't assign io (size 0x1000)
[    0.399538] pci 0000:00:15.4: BAR 13: can't assign io (size 0x1000)
[    0.399541] pci 0000:00:15.5: BAR 13: can't assign io (size 0x1000)
[    0.399543] pci 0000:00:15.6: BAR 13: can't assign io (size 0x1000)
[    0.399545] pci 0000:00:15.7: BAR 13: can't assign io (size 0x1000)
[    0.399547] pci 0000:00:16.3: BAR 13: can't assign io (size 0x1000)
[    0.399550] pci 0000:00:16.4: BAR 13: can't assign io (size 0x1000)
[    0.399552] pci 0000:00:16.5: BAR 13: can't assign io (size 0x1000)
[    0.399554] pci 0000:00:16.6: BAR 13: can't assign io (size 0x1000)
[    0.399556] pci 0000:00:16.7: BAR 13: can't assign io (size 0x1000)
[    0.399558] pci 0000:00:17.3: BAR 13: can't assign io (size 0x1000)
[    0.399561] pci 0000:00:17.4: BAR 13: can't assign io (size 0x1000)
[    0.399563] pci 0000:00:17.5: BAR 13: can't assign io (size 0x1000)
[    0.399565] pci 0000:00:17.6: BAR 13: can't assign io (size 0x1000)
[    0.399567] pci 0000:00:17.7: BAR 13: can't assign io (size 0x1000)
[    0.399569] pci 0000:00:18.2: BAR 13: can't assign io (size 0x1000)
[    0.399572] pci 0000:00:18.3: BAR 13: can't assign io (size 0x1000)
[    0.399574] pci 0000:00:18.4: BAR 13: can't assign io (size 0x1000)
[    0.399576] pci 0000:00:18.5: BAR 13: can't assign io (size 0x1000)
[    0.399578] pci 0000:00:18.6: BAR 13: can't assign io (size 0x1000)
[    0.399581] pci 0000:00:18.7: BAR 13: can't assign io (size 0x1000)
[    0.399586] pci 0000:00:18.7: BAR 13: can't assign io (size 0x1000)
[    0.399588] pci 0000:00:18.6: BAR 13: can't assign io (size 0x1000)
[    0.399591] pci 0000:00:18.5: BAR 13: can't assign io (size 0x1000)
[    0.399593] pci 0000:00:18.4: BAR 13: can't assign io (size 0x1000)
[    0.399595] pci 0000:00:18.3: BAR 13: can't assign io (size 0x1000)
[    0.399597] pci 0000:00:18.2: BAR 13: can't assign io (size 0x1000)
[    0.399600] pci 0000:00:17.7: BAR 13: can't assign io (size 0x1000)
[    0.399602] pci 0000:00:17.6: BAR 13: can't assign io (size 0x1000)
[    0.399604] pci 0000:00:17.5: BAR 13: can't assign io (size 0x1000)
[    0.399606] pci 0000:00:17.4: BAR 13: can't assign io (size 0x1000)
[    0.399609] pci 0000:00:17.3: BAR 13: can't assign io (size 0x1000)
[    0.399611] pci 0000:00:16.7: BAR 13: can't assign io (size 0x1000)
[    0.399613] pci 0000:00:16.6: BAR 13: can't assign io (size 0x1000)
[    0.399615] pci 0000:00:16.5: BAR 13: can't assign io (size 0x1000)
[    0.399618] pci 0000:00:16.4: BAR 13: can't assign io (size 0x1000)
[    0.399620] pci 0000:00:16.3: BAR 13: can't assign io (size 0x1000)
[    0.399622] pci 0000:00:15.7: BAR 13: can't assign io (size 0x1000)
[    0.399624] pci 0000:00:15.6: BAR 13: can't assign io (size 0x1000)
[    0.399627] pci 0000:00:15.5: BAR 13: can't assign io (size 0x1000)
[    0.399629] pci 0000:00:15.4: BAR 13: can't assign io (size 0x1000)
[    0.399631] pci 0000:00:15.3: BAR 13: can't assign io (size 0x1000)
[    0.399634] pci 0000:00:01.0: PCI bridge to [bus 01]
[    0.399775] pci 0000:02:00.0: BAR 6: assigned [mem 0xe7b00000-0xe7b0ffff pref]
[    0.399777] pci 0000:00:11.0: PCI bridge to [bus 02]
[    0.399791] pci 0000:00:11.0:   bridge window [io  0x2000-0x3fff]
[    0.399826] pci 0000:00:11.0:   bridge window [mem 0xfd500000-0xfdffffff]
[    0.399850] pci 0000:00:11.0:   bridge window [mem 0xe7b00000-0xe7ffffff 64bit pref]
[    0.399895] pci 0000:00:15.0: PCI bridge to [bus 03]
[    0.399909] pci 0000:00:15.0:   bridge window [io  0x4000-0x4fff]
[    0.399943] pci 0000:00:15.0:   bridge window [mem 0xfd400000-0xfd4fffff]
[    0.399967] pci 0000:00:15.0:   bridge window [mem 0xe7a00000-0xe7afffff 64bit pref]
[    0.400065] pci 0000:00:15.1: PCI bridge to [bus 04]
[    0.400081] pci 0000:00:15.1:   bridge window [io  0x8000-0x8fff]
[    0.400127] pci 0000:00:15.1:   bridge window [mem 0xfd000000-0xfd0fffff]
[    0.400151] pci 0000:00:15.1:   bridge window [mem 0xe7600000-0xe76fffff 64bit pref]
[    0.400208] pci 0000:00:15.2: PCI bridge to [bus 05]
[    0.400223] pci 0000:00:15.2:   bridge window [io  0xc000-0xcfff]
[    0.400259] pci 0000:00:15.2:   bridge window [mem 0xfcc00000-0xfccfffff]
[    0.400283] pci 0000:00:15.2:   bridge window [mem 0xe7200000-0xe72fffff 64bit pref]
[    0.400350] pci 0000:00:15.3: PCI bridge to [bus 06]
[    0.400387] pci 0000:00:15.3:   bridge window [mem 0xfc800000-0xfc8fffff]
[    0.400411] pci 0000:00:15.3:   bridge window [mem 0xe6e00000-0xe6efffff 64bit pref]
[    0.400467] pci 0000:00:15.4: PCI bridge to [bus 07]
[    0.400504] pci 0000:00:15.4:   bridge window [mem 0xfc400000-0xfc4fffff]
[    0.400528] pci 0000:00:15.4:   bridge window [mem 0xe6a00000-0xe6afffff 64bit pref]
[    0.400582] pci 0000:00:15.5: PCI bridge to [bus 08]
[    0.400619] pci 0000:00:15.5:   bridge window [mem 0xfc000000-0xfc0fffff]
[    0.400642] pci 0000:00:15.5:   bridge window [mem 0xe6600000-0xe66fffff 64bit pref]
[    0.400697] pci 0000:00:15.6: PCI bridge to [bus 09]
[    0.400732] pci 0000:00:15.6:   bridge window [mem 0xfbc00000-0xfbcfffff]
[    0.400757] pci 0000:00:15.6:   bridge window [mem 0xe6200000-0xe62fffff 64bit pref]
[    0.400812] pci 0000:00:15.7: PCI bridge to [bus 0a]
[    0.400847] pci 0000:00:15.7:   bridge window [mem 0xfb800000-0xfb8fffff]
[    0.400871] pci 0000:00:15.7:   bridge window [mem 0xe5e00000-0xe5efffff 64bit pref]
[    0.400927] pci 0000:00:16.0: PCI bridge to [bus 0b]
[    0.400941] pci 0000:00:16.0:   bridge window [io  0x5000-0x5fff]
[    0.400976] pci 0000:00:16.0:   bridge window [mem 0xfd300000-0xfd3fffff]
[    0.401000] pci 0000:00:16.0:   bridge window [mem 0xe7900000-0xe79fffff 64bit pref]
[    0.401055] pci 0000:00:16.1: PCI bridge to [bus 0c]
[    0.401070] pci 0000:00:16.1:   bridge window [io  0x9000-0x9fff]
[    0.401105] pci 0000:00:16.1:   bridge window [mem 0xfcf00000-0xfcffffff]
[    0.401132] pci 0000:00:16.1:   bridge window [mem 0xe7500000-0xe75fffff 64bit pref]
[    0.401189] pci 0000:00:16.2: PCI bridge to [bus 0d]
[    0.401204] pci 0000:00:16.2:   bridge window [io  0xd000-0xdfff]
[    0.401239] pci 0000:00:16.2:   bridge window [mem 0xfcb00000-0xfcbfffff]
[    0.401263] pci 0000:00:16.2:   bridge window [mem 0xe7100000-0xe71fffff 64bit pref]
[    0.401322] pci 0000:00:16.3: PCI bridge to [bus 0e]
[    0.401358] pci 0000:00:16.3:   bridge window [mem 0xfc700000-0xfc7fffff]
[    0.401382] pci 0000:00:16.3:   bridge window [mem 0xe6d00000-0xe6dfffff 64bit pref]
[    0.401451] pci 0000:00:16.4: PCI bridge to [bus 0f]
[    0.401490] pci 0000:00:16.4:   bridge window [mem 0xfc300000-0xfc3fffff]
[    0.401523] pci 0000:00:16.4:   bridge window [mem 0xe6900000-0xe69fffff 64bit pref]
[    0.401581] pci 0000:00:16.5: PCI bridge to [bus 10]
[    0.401617] pci 0000:00:16.5:   bridge window [mem 0xfbf00000-0xfbffffff]
[    0.401642] pci 0000:00:16.5:   bridge window [mem 0xe6500000-0xe65fffff 64bit pref]
[    0.401698] pci 0000:00:16.6: PCI bridge to [bus 11]
[    0.401735] pci 0000:00:16.6:   bridge window [mem 0xfbb00000-0xfbbfffff]
[    0.401759] pci 0000:00:16.6:   bridge window [mem 0xe6100000-0xe61fffff 64bit pref]
[    0.401817] pci 0000:00:16.7: PCI bridge to [bus 12]
[    0.401854] pci 0000:00:16.7:   bridge window [mem 0xfb700000-0xfb7fffff]
[    0.401879] pci 0000:00:16.7:   bridge window [mem 0xe5d00000-0xe5dfffff 64bit pref]
[    0.401939] pci 0000:00:17.0: PCI bridge to [bus 13]
[    0.401955] pci 0000:00:17.0:   bridge window [io  0x6000-0x6fff]
[    0.401991] pci 0000:00:17.0:   bridge window [mem 0xfd200000-0xfd2fffff]
[    0.402017] pci 0000:00:17.0:   bridge window [mem 0xe7800000-0xe78fffff 64bit pref]
[    0.402076] pci 0000:00:17.1: PCI bridge to [bus 14]
[    0.402090] pci 0000:00:17.1:   bridge window [io  0xa000-0xafff]
[    0.402127] pci 0000:00:17.1:   bridge window [mem 0xfce00000-0xfcefffff]
[    0.402150] pci 0000:00:17.1:   bridge window [mem 0xe7400000-0xe74fffff 64bit pref]
[    0.402205] pci 0000:00:17.2: PCI bridge to [bus 15]
[    0.402220] pci 0000:00:17.2:   bridge window [io  0xe000-0xefff]
[    0.402256] pci 0000:00:17.2:   bridge window [mem 0xfca00000-0xfcafffff]
[    0.402282] pci 0000:00:17.2:   bridge window [mem 0xe7000000-0xe70fffff 64bit pref]
[    0.402340] pci 0000:00:17.3: PCI bridge to [bus 16]
[    0.402377] pci 0000:00:17.3:   bridge window [mem 0xfc600000-0xfc6fffff]
[    0.402402] pci 0000:00:17.3:   bridge window [mem 0xe6c00000-0xe6cfffff 64bit pref]
[    0.402456] pci 0000:00:17.4: PCI bridge to [bus 17]
[    0.402492] pci 0000:00:17.4:   bridge window [mem 0xfc200000-0xfc2fffff]
[    0.402517] pci 0000:00:17.4:   bridge window [mem 0xe6800000-0xe68fffff 64bit pref]
[    0.402571] pci 0000:00:17.5: PCI bridge to [bus 18]
[    0.402607] pci 0000:00:17.5:   bridge window [mem 0xfbe00000-0xfbefffff]
[    0.402631] pci 0000:00:17.5:   bridge window [mem 0xe6400000-0xe64fffff 64bit pref]
[    0.402708] pci 0000:00:17.6: PCI bridge to [bus 19]
[    0.402751] pci 0000:00:17.6:   bridge window [mem 0xfba00000-0xfbafffff]
[    0.402776] pci 0000:00:17.6:   bridge window [mem 0xe6000000-0xe60fffff 64bit pref]
[    0.402833] pci 0000:00:17.7: PCI bridge to [bus 1a]
[    0.402869] pci 0000:00:17.7:   bridge window [mem 0xfb600000-0xfb6fffff]
[    0.402893] pci 0000:00:17.7:   bridge window [mem 0xe5c00000-0xe5cfffff 64bit pref]
[    0.402951] pci 0000:00:18.0: PCI bridge to [bus 1b]
[    0.402967] pci 0000:00:18.0:   bridge window [io  0x7000-0x7fff]
[    0.403003] pci 0000:00:18.0:   bridge window [mem 0xfd100000-0xfd1fffff]
[    0.403027] pci 0000:00:18.0:   bridge window [mem 0xe7700000-0xe77fffff 64bit pref]
[    0.403085] pci 0000:00:18.1: PCI bridge to [bus 1c]
[    0.403101] pci 0000:00:18.1:   bridge window [io  0xb000-0xbfff]
[    0.403137] pci 0000:00:18.1:   bridge window [mem 0xfcd00000-0xfcdfffff]
[    0.403162] pci 0000:00:18.1:   bridge window [mem 0xe7300000-0xe73fffff 64bit pref]
[    0.403219] pci 0000:00:18.2: PCI bridge to [bus 1d]
[    0.403255] pci 0000:00:18.2:   bridge window [mem 0xfc900000-0xfc9fffff]
[    0.403278] pci 0000:00:18.2:   bridge window [mem 0xe6f00000-0xe6ffffff 64bit pref]
[    0.403334] pci 0000:00:18.3: PCI bridge to [bus 1e]
[    0.403370] pci 0000:00:18.3:   bridge window [mem 0xfc500000-0xfc5fffff]
[    0.403394] pci 0000:00:18.3:   bridge window [mem 0xe6b00000-0xe6bfffff 64bit pref]
[    0.403450] pci 0000:00:18.4: PCI bridge to [bus 1f]
[    0.403488] pci 0000:00:18.4:   bridge window [mem 0xfc100000-0xfc1fffff]
[    0.403512] pci 0000:00:18.4:   bridge window [mem 0xe6700000-0xe67fffff 64bit pref]
[    0.403569] pci 0000:00:18.5: PCI bridge to [bus 20]
[    0.403606] pci 0000:00:18.5:   bridge window [mem 0xfbd00000-0xfbdfffff]
[    0.403630] pci 0000:00:18.5:   bridge window [mem 0xe6300000-0xe63fffff 64bit pref]
[    0.403687] pci 0000:00:18.6: PCI bridge to [bus 21]
[    0.403724] pci 0000:00:18.6:   bridge window [mem 0xfb900000-0xfb9fffff]
[    0.403748] pci 0000:00:18.6:   bridge window [mem 0xe5f00000-0xe5ffffff 64bit pref]
[    0.403804] pci 0000:00:18.7: PCI bridge to [bus 22]
[    0.403839] pci 0000:00:18.7:   bridge window [mem 0xfb500000-0xfb5fffff]
[    0.403875] pci 0000:00:18.7:   bridge window [mem 0xe5b00000-0xe5bfffff 64bit pref]
[    0.403939] pci_bus 0000:00: resource 4 [mem 0x000a0000-0x000bffff]
[    0.403941] pci_bus 0000:00: resource 5 [mem 0x000cc000-0x000cffff]
[    0.403942] pci_bus 0000:00: resource 6 [mem 0x000d0000-0x000d3fff]
[    0.403944] pci_bus 0000:00: resource 7 [mem 0x000d4000-0x000d7fff]
[    0.403945] pci_bus 0000:00: resource 8 [mem 0x000d8000-0x000dbfff]
[    0.403947] pci_bus 0000:00: resource 9 [mem 0x80000000-0xfebfffff]
[    0.403948] pci_bus 0000:00: resource 10 [io  0x0000-0x0cf7]
[    0.403950] pci_bus 0000:00: resource 11 [io  0x0d00-0xfeff]
[    0.403952] pci_bus 0000:02: resource 0 [io  0x2000-0x3fff]
[    0.403954] pci_bus 0000:02: resource 1 [mem 0xfd500000-0xfdffffff]
[    0.403955] pci_bus 0000:02: resource 2 [mem 0xe7b00000-0xe7ffffff 64bit pref]
[    0.403957] pci_bus 0000:02: resource 4 [mem 0x000a0000-0x000bffff]
[    0.403958] pci_bus 0000:02: resource 5 [mem 0x000cc000-0x000cffff]
[    0.403960] pci_bus 0000:02: resource 6 [mem 0x000d0000-0x000d3fff]
[    0.403961] pci_bus 0000:02: resource 7 [mem 0x000d4000-0x000d7fff]
[    0.403962] pci_bus 0000:02: resource 8 [mem 0x000d8000-0x000dbfff]
[    0.403964] pci_bus 0000:02: resource 9 [mem 0x80000000-0xfebfffff]
[    0.403965] pci_bus 0000:02: resource 10 [io  0x0000-0x0cf7]
[    0.403967] pci_bus 0000:02: resource 11 [io  0x0d00-0xfeff]
[    0.403968] pci_bus 0000:03: resource 0 [io  0x4000-0x4fff]
[    0.403970] pci_bus 0000:03: resource 1 [mem 0xfd400000-0xfd4fffff]
[    0.403972] pci_bus 0000:03: resource 2 [mem 0xe7a00000-0xe7afffff 64bit pref]
[    0.403973] pci_bus 0000:04: resource 0 [io  0x8000-0x8fff]
[    0.403975] pci_bus 0000:04: resource 1 [mem 0xfd000000-0xfd0fffff]
[    0.403976] pci_bus 0000:04: resource 2 [mem 0xe7600000-0xe76fffff 64bit pref]
[    0.403978] pci_bus 0000:05: resource 0 [io  0xc000-0xcfff]
[    0.403980] pci_bus 0000:05: resource 1 [mem 0xfcc00000-0xfccfffff]
[    0.403981] pci_bus 0000:05: resource 2 [mem 0xe7200000-0xe72fffff 64bit pref]
[    0.403983] pci_bus 0000:06: resource 1 [mem 0xfc800000-0xfc8fffff]
[    0.403984] pci_bus 0000:06: resource 2 [mem 0xe6e00000-0xe6efffff 64bit pref]
[    0.403986] pci_bus 0000:07: resource 1 [mem 0xfc400000-0xfc4fffff]
[    0.403987] pci_bus 0000:07: resource 2 [mem 0xe6a00000-0xe6afffff 64bit pref]
[    0.403988] pci_bus 0000:08: resource 1 [mem 0xfc000000-0xfc0fffff]
[    0.403990] pci_bus 0000:08: resource 2 [mem 0xe6600000-0xe66fffff 64bit pref]
[    0.403991] pci_bus 0000:09: resource 1 [mem 0xfbc00000-0xfbcfffff]
[    0.403993] pci_bus 0000:09: resource 2 [mem 0xe6200000-0xe62fffff 64bit pref]
[    0.403994] pci_bus 0000:0a: resource 1 [mem 0xfb800000-0xfb8fffff]
[    0.403996] pci_bus 0000:0a: resource 2 [mem 0xe5e00000-0xe5efffff 64bit pref]
[    0.403997] pci_bus 0000:0b: resource 0 [io  0x5000-0x5fff]
[    0.403998] pci_bus 0000:0b: resource 1 [mem 0xfd300000-0xfd3fffff]
[    0.404000] pci_bus 0000:0b: resource 2 [mem 0xe7900000-0xe79fffff 64bit pref]
[    0.404001] pci_bus 0000:0c: resource 0 [io  0x9000-0x9fff]
[    0.404003] pci_bus 0000:0c: resource 1 [mem 0xfcf00000-0xfcffffff]
[    0.404004] pci_bus 0000:0c: resource 2 [mem 0xe7500000-0xe75fffff 64bit pref]
[    0.404006] pci_bus 0000:0d: resource 0 [io  0xd000-0xdfff]
[    0.404007] pci_bus 0000:0d: resource 1 [mem 0xfcb00000-0xfcbfffff]
[    0.404008] pci_bus 0000:0d: resource 2 [mem 0xe7100000-0xe71fffff 64bit pref]
[    0.404010] pci_bus 0000:0e: resource 1 [mem 0xfc700000-0xfc7fffff]
[    0.404011] pci_bus 0000:0e: resource 2 [mem 0xe6d00000-0xe6dfffff 64bit pref]
[    0.404013] pci_bus 0000:0f: resource 1 [mem 0xfc300000-0xfc3fffff]
[    0.404014] pci_bus 0000:0f: resource 2 [mem 0xe6900000-0xe69fffff 64bit pref]
[    0.404054] pci_bus 0000:10: resource 1 [mem 0xfbf00000-0xfbffffff]
[    0.404055] pci_bus 0000:10: resource 2 [mem 0xe6500000-0xe65fffff 64bit pref]
[    0.404057] pci_bus 0000:11: resource 1 [mem 0xfbb00000-0xfbbfffff]
[    0.404058] pci_bus 0000:11: resource 2 [mem 0xe6100000-0xe61fffff 64bit pref]
[    0.404060] pci_bus 0000:12: resource 1 [mem 0xfb700000-0xfb7fffff]
[    0.404061] pci_bus 0000:12: resource 2 [mem 0xe5d00000-0xe5dfffff 64bit pref]
[    0.404072] pci_bus 0000:13: resource 0 [io  0x6000-0x6fff]
[    0.404073] pci_bus 0000:13: resource 1 [mem 0xfd200000-0xfd2fffff]
[    0.404074] pci_bus 0000:13: resource 2 [mem 0xe7800000-0xe78fffff 64bit pref]
[    0.404075] pci_bus 0000:14: resource 0 [io  0xa000-0xafff]
[    0.404077] pci_bus 0000:14: resource 1 [mem 0xfce00000-0xfcefffff]
[    0.404078] pci_bus 0000:14: resource 2 [mem 0xe7400000-0xe74fffff 64bit pref]
[    0.404080] pci_bus 0000:15: resource 0 [io  0xe000-0xefff]
[    0.404081] pci_bus 0000:15: resource 1 [mem 0xfca00000-0xfcafffff]
[    0.404082] pci_bus 0000:15: resource 2 [mem 0xe7000000-0xe70fffff 64bit pref]
[    0.404083] pci_bus 0000:16: resource 1 [mem 0xfc600000-0xfc6fffff]
[    0.404085] pci_bus 0000:16: resource 2 [mem 0xe6c00000-0xe6cfffff 64bit pref]
[    0.404086] pci_bus 0000:17: resource 1 [mem 0xfc200000-0xfc2fffff]
[    0.404087] pci_bus 0000:17: resource 2 [mem 0xe6800000-0xe68fffff 64bit pref]
[    0.404089] pci_bus 0000:18: resource 1 [mem 0xfbe00000-0xfbefffff]
[    0.404090] pci_bus 0000:18: resource 2 [mem 0xe6400000-0xe64fffff 64bit pref]
[    0.404092] pci_bus 0000:19: resource 1 [mem 0xfba00000-0xfbafffff]
[    0.404093] pci_bus 0000:19: resource 2 [mem 0xe6000000-0xe60fffff 64bit pref]
[    0.404094] pci_bus 0000:1a: resource 1 [mem 0xfb600000-0xfb6fffff]
[    0.404096] pci_bus 0000:1a: resource 2 [mem 0xe5c00000-0xe5cfffff 64bit pref]
[    0.404097] pci_bus 0000:1b: resource 0 [io  0x7000-0x7fff]
[    0.404098] pci_bus 0000:1b: resource 1 [mem 0xfd100000-0xfd1fffff]
[    0.404099] pci_bus 0000:1b: resource 2 [mem 0xe7700000-0xe77fffff 64bit pref]
[    0.404101] pci_bus 0000:1c: resource 0 [io  0xb000-0xbfff]
[    0.404102] pci_bus 0000:1c: resource 1 [mem 0xfcd00000-0xfcdfffff]
[    0.404103] pci_bus 0000:1c: resource 2 [mem 0xe7300000-0xe73fffff 64bit pref]
[    0.404105] pci_bus 0000:1d: resource 1 [mem 0xfc900000-0xfc9fffff]
[    0.404106] pci_bus 0000:1d: resource 2 [mem 0xe6f00000-0xe6ffffff 64bit pref]
[    0.404107] pci_bus 0000:1e: resource 1 [mem 0xfc500000-0xfc5fffff]
[    0.404109] pci_bus 0000:1e: resource 2 [mem 0xe6b00000-0xe6bfffff 64bit pref]
[    0.404110] pci_bus 0000:1f: resource 1 [mem 0xfc100000-0xfc1fffff]
[    0.404111] pci_bus 0000:1f: resource 2 [mem 0xe6700000-0xe67fffff 64bit pref]
[    0.404113] pci_bus 0000:20: resource 1 [mem 0xfbd00000-0xfbdfffff]
[    0.404114] pci_bus 0000:20: resource 2 [mem 0xe6300000-0xe63fffff 64bit pref]
[    0.404115] pci_bus 0000:21: resource 1 [mem 0xfb900000-0xfb9fffff]
[    0.404117] pci_bus 0000:21: resource 2 [mem 0xe5f00000-0xe5ffffff 64bit pref]
[    0.404118] pci_bus 0000:22: resource 1 [mem 0xfb500000-0xfb5fffff]
[    0.404119] pci_bus 0000:22: resource 2 [mem 0xe5b00000-0xe5bfffff 64bit pref]
[    0.404145] NET: Registered protocol family 2
[    0.404467] TCP established hash table entries: 16384 (order: 5, 131072 bytes)
[    0.404528] TCP bind hash table entries: 16384 (order: 6, 262144 bytes)
[    0.404607] TCP: Hash tables configured (established 16384 bind 16384)
[    0.404660] TCP: reno registered
[    0.404664] UDP hash table entries: 1024 (order: 3, 32768 bytes)
[    0.404678] UDP-Lite hash table entries: 1024 (order: 3, 32768 bytes)
[    0.404718] NET: Registered protocol family 1
[    0.404726] pci 0000:00:00.0: Limiting direct PCI/PCI transfers
[    0.404896] pci 0000:00:0f.0: Boot video device
[    0.405320] PCI: CLS mismatch (32 != 64), using 64 bytes
[    0.405370] Unpacking initramfs...
[    0.470234] Freeing initrd memory: 3116K (ffff8800379da000 - ffff880037ce5000)
[    0.470426] Simple Boot Flag at 0x36 set to 0x80
[    0.470485] Switched to clocksource tsc
[    0.470644] microcode: CPU0 sig=0x306d4, pf=0x1, revision=0x13
[    0.470692] microcode: CPU1 sig=0x306d4, pf=0x1, revision=0x13
[    0.470806] microcode: Microcode Update Driver: v2.00 <tigran@aivazian.fsnet.co.uk>, Peter Oruba
[    0.470818] Scanning for low memory corruption every 60 seconds
[    0.471099] futex hash table entries: 512 (order: 3, 32768 bytes)
[    0.471113] Initialise system trusted keyring
[    0.484283] HugeTLB registered 2 MB page size, pre-allocated 0 pages
[    0.486331] zbud: loaded
[    0.486670] VFS: Disk quotas dquot_6.5.2
[    0.486725] Dquot-cache hash table entries: 512 (order 0, 4096 bytes)
[    0.487016] msgmni has been set to 4007
[    0.487081] Key type big_key registered
[    0.487759] Block layer SCSI generic (bsg) driver version 0.4 loaded (major 252)
[    0.487870] io scheduler noop registered
[    0.487872] io scheduler deadline registered
[    0.487908] io scheduler cfq registered (default)
[    0.488317] pcieport 0000:00:15.0: irq 40 for MSI/MSI-X
[    0.489082] pcieport 0000:00:15.1: irq 41 for MSI/MSI-X
[    0.489837] pcieport 0000:00:15.2: irq 42 for MSI/MSI-X
[    0.490576] pcieport 0000:00:15.3: irq 43 for MSI/MSI-X
[    0.491317] pcieport 0000:00:15.4: irq 44 for MSI/MSI-X
[    0.492062] pcieport 0000:00:15.5: irq 45 for MSI/MSI-X
[    0.492817] pcieport 0000:00:15.6: irq 46 for MSI/MSI-X
[    0.493491] pcieport 0000:00:15.7: irq 47 for MSI/MSI-X
[    0.494182] pcieport 0000:00:16.0: irq 48 for MSI/MSI-X
[    0.494849] pcieport 0000:00:16.1: irq 49 for MSI/MSI-X
[    0.495516] pcieport 0000:00:16.2: irq 50 for MSI/MSI-X
[    0.496247] pcieport 0000:00:16.3: irq 51 for MSI/MSI-X
[    0.496956] pcieport 0000:00:16.4: irq 52 for MSI/MSI-X
[    0.497644] pcieport 0000:00:16.5: irq 53 for MSI/MSI-X
[    0.498355] pcieport 0000:00:16.6: irq 54 for MSI/MSI-X
[    0.499077] pcieport 0000:00:16.7: irq 55 for MSI/MSI-X
[    0.499797] pcieport 0000:00:17.0: irq 56 for MSI/MSI-X
[    0.500517] pcieport 0000:00:17.1: irq 57 for MSI/MSI-X
[    0.501215] pcieport 0000:00:17.2: irq 58 for MSI/MSI-X
[    0.501927] pcieport 0000:00:17.3: irq 59 for MSI/MSI-X
[    0.502695] pcieport 0000:00:17.4: irq 60 for MSI/MSI-X
[    0.503439] pcieport 0000:00:17.5: irq 61 for MSI/MSI-X
[    0.504202] pcieport 0000:00:17.6: irq 62 for MSI/MSI-X
[    0.504969] pcieport 0000:00:17.7: irq 63 for MSI/MSI-X
[    0.505729] pcieport 0000:00:18.0: irq 64 for MSI/MSI-X
[    0.506508] pcieport 0000:00:18.1: irq 65 for MSI/MSI-X
[    0.507244] pcieport 0000:00:18.2: irq 66 for MSI/MSI-X
[    0.507981] pcieport 0000:00:18.3: irq 67 for MSI/MSI-X
[    0.508717] pcieport 0000:00:18.4: irq 68 for MSI/MSI-X
[    0.509485] pcieport 0000:00:18.5: irq 69 for MSI/MSI-X
[    0.510230] pcieport 0000:00:18.6: irq 70 for MSI/MSI-X
[    0.510940] pcieport 0000:00:18.7: irq 71 for MSI/MSI-X
[    0.511427] pci_hotplug: PCI Hot Plug PCI Core version: 0.5
[    0.512092] pciehp 0000:00:15.0:pcie04: Slot #160 AttnBtn+ AttnInd- PwrInd- PwrCtrl+ MRL- Interlock- NoCompl+ LLActRep+
[    0.512300] pciehp 0000:00:15.0:pcie04: service driver pciehp loaded
[    0.512383] pciehp 0000:00:15.1:pcie04: Slot #161 AttnBtn+ AttnInd- PwrInd- PwrCtrl+ MRL- Interlock- NoCompl+ LLActRep+
[    0.512570] pciehp 0000:00:15.1:pcie04: service driver pciehp loaded
[    0.512681] pciehp 0000:00:15.2:pcie04: Slot #162 AttnBtn+ AttnInd- PwrInd- PwrCtrl+ MRL- Interlock- NoCompl+ LLActRep+
[    0.512864] pciehp 0000:00:15.2:pcie04: service driver pciehp loaded
[    0.512949] pciehp 0000:00:15.3:pcie04: Slot #163 AttnBtn+ AttnInd- PwrInd- PwrCtrl+ MRL- Interlock- NoCompl+ LLActRep+
[    0.513131] pciehp 0000:00:15.3:pcie04: service driver pciehp loaded
[    0.513215] pciehp 0000:00:15.4:pcie04: Slot #164 AttnBtn+ AttnInd- PwrInd- PwrCtrl+ MRL- Interlock- NoCompl+ LLActRep+
[    0.513408] pciehp 0000:00:15.4:pcie04: service driver pciehp loaded
[    0.513493] pciehp 0000:00:15.5:pcie04: Slot #165 AttnBtn+ AttnInd- PwrInd- PwrCtrl+ MRL- Interlock- NoCompl+ LLActRep+
[    0.513673] pciehp 0000:00:15.5:pcie04: service driver pciehp loaded
[    0.513760] pciehp 0000:00:15.6:pcie04: Slot #166 AttnBtn+ AttnInd- PwrInd- PwrCtrl+ MRL- Interlock- NoCompl+ LLActRep+
[    0.513955] pciehp 0000:00:15.6:pcie04: service driver pciehp loaded
[    0.514037] pciehp 0000:00:15.7:pcie04: Slot #167 AttnBtn+ AttnInd- PwrInd- PwrCtrl+ MRL- Interlock- NoCompl+ LLActRep+
[    0.514223] pciehp 0000:00:15.7:pcie04: service driver pciehp loaded
[    0.514306] pciehp 0000:00:16.0:pcie04: Slot #192 AttnBtn+ AttnInd- PwrInd- PwrCtrl+ MRL- Interlock- NoCompl+ LLActRep+
[    0.514504] pciehp 0000:00:16.0:pcie04: service driver pciehp loaded
[    0.514590] pciehp 0000:00:16.1:pcie04: Slot #193 AttnBtn+ AttnInd- PwrInd- PwrCtrl+ MRL- Interlock- NoCompl+ LLActRep+
[    0.514772] pciehp 0000:00:16.1:pcie04: service driver pciehp loaded
[    0.514855] pciehp 0000:00:16.2:pcie04: Slot #194 AttnBtn+ AttnInd- PwrInd- PwrCtrl+ MRL- Interlock- NoCompl+ LLActRep+
[    0.515044] pciehp 0000:00:16.2:pcie04: service driver pciehp loaded
[    0.515130] pciehp 0000:00:16.3:pcie04: Slot #195 AttnBtn+ AttnInd- PwrInd- PwrCtrl+ MRL- Interlock- NoCompl+ LLActRep+
[    0.515310] pciehp 0000:00:16.3:pcie04: service driver pciehp loaded
[    0.515391] pciehp 0000:00:16.4:pcie04: Slot #196 AttnBtn+ AttnInd- PwrInd- PwrCtrl+ MRL- Interlock- NoCompl+ LLActRep+
[    0.515580] pciehp 0000:00:16.4:pcie04: service driver pciehp loaded
[    0.515665] pciehp 0000:00:16.5:pcie04: Slot #197 AttnBtn+ AttnInd- PwrInd- PwrCtrl+ MRL- Interlock- NoCompl+ LLActRep+
[    0.515847] pciehp 0000:00:16.5:pcie04: service driver pciehp loaded
[    0.515936] pciehp 0000:00:16.6:pcie04: Slot #198 AttnBtn+ AttnInd- PwrInd- PwrCtrl+ MRL- Interlock- NoCompl+ LLActRep+
[    0.516176] pciehp 0000:00:16.6:pcie04: service driver pciehp loaded
[    0.516266] pciehp 0000:00:16.7:pcie04: Slot #199 AttnBtn+ AttnInd- PwrInd- PwrCtrl+ MRL- Interlock- NoCompl+ LLActRep+
[    0.516436] pciehp 0000:00:16.7:pcie04: service driver pciehp loaded
[    0.516513] pciehp 0000:00:17.0:pcie04: Slot #224 AttnBtn+ AttnInd- PwrInd- PwrCtrl+ MRL- Interlock- NoCompl+ LLActRep+
[    0.516686] pciehp 0000:00:17.0:pcie04: service driver pciehp loaded
[    0.516769] pciehp 0000:00:17.1:pcie04: Slot #225 AttnBtn+ AttnInd- PwrInd- PwrCtrl+ MRL- Interlock- NoCompl+ LLActRep+
[    0.516950] pciehp 0000:00:17.1:pcie04: service driver pciehp loaded
[    0.517035] pciehp 0000:00:17.2:pcie04: Slot #226 AttnBtn+ AttnInd- PwrInd- PwrCtrl+ MRL- Interlock- NoCompl+ LLActRep+
[    0.517225] pciehp 0000:00:17.2:pcie04: service driver pciehp loaded
[    0.517307] pciehp 0000:00:17.3:pcie04: Slot #227 AttnBtn+ AttnInd- PwrInd- PwrCtrl+ MRL- Interlock- NoCompl+ LLActRep+
[    0.517494] pciehp 0000:00:17.3:pcie04: service driver pciehp loaded
[    0.517582] pciehp 0000:00:17.4:pcie04: Slot #228 AttnBtn+ AttnInd- PwrInd- PwrCtrl+ MRL- Interlock- NoCompl+ LLActRep+
[    0.517780] pciehp 0000:00:17.4:pcie04: service driver pciehp loaded
[    0.517864] pciehp 0000:00:17.5:pcie04: Slot #229 AttnBtn+ AttnInd- PwrInd- PwrCtrl+ MRL- Interlock- NoCompl+ LLActRep+
[    0.518045] pciehp 0000:00:17.5:pcie04: service driver pciehp loaded
[    0.518136] pciehp 0000:00:17.6:pcie04: Slot #230 AttnBtn+ AttnInd- PwrInd- PwrCtrl+ MRL- Interlock- NoCompl+ LLActRep+
[    0.518318] pciehp 0000:00:17.6:pcie04: service driver pciehp loaded
[    0.518403] pciehp 0000:00:17.7:pcie04: Slot #231 AttnBtn+ AttnInd- PwrInd- PwrCtrl+ MRL- Interlock- NoCompl+ LLActRep+
[    0.518587] pciehp 0000:00:17.7:pcie04: service driver pciehp loaded
[    0.518669] pciehp 0000:00:18.0:pcie04: Slot #256 AttnBtn+ AttnInd- PwrInd- PwrCtrl+ MRL- Interlock- NoCompl+ LLActRep+
[    0.518860] pciehp 0000:00:18.0:pcie04: service driver pciehp loaded
[    0.518939] pciehp 0000:00:18.1:pcie04: Slot #257 AttnBtn+ AttnInd- PwrInd- PwrCtrl+ MRL- Interlock- NoCompl+ LLActRep+
[    0.519102] pciehp 0000:00:18.1:pcie04: service driver pciehp loaded
[    0.519182] pciehp 0000:00:18.2:pcie04: Slot #258 AttnBtn+ AttnInd- PwrInd- PwrCtrl+ MRL- Interlock- NoCompl+ LLActRep+
[    0.519377] pciehp 0000:00:18.2:pcie04: service driver pciehp loaded
[    0.519458] pciehp 0000:00:18.3:pcie04: Slot #259 AttnBtn+ AttnInd- PwrInd- PwrCtrl+ MRL- Interlock- NoCompl+ LLActRep+
[    0.519647] pciehp 0000:00:18.3:pcie04: service driver pciehp loaded
[    0.519728] pciehp 0000:00:18.4:pcie04: Slot #260 AttnBtn+ AttnInd- PwrInd- PwrCtrl+ MRL- Interlock- NoCompl+ LLActRep+
[    0.519989] pciehp 0000:00:18.4:pcie04: service driver pciehp loaded
[    0.520076] pciehp 0000:00:18.5:pcie04: Slot #261 AttnBtn+ AttnInd- PwrInd- PwrCtrl+ MRL- Interlock- NoCompl+ LLActRep+
[    0.520262] pciehp 0000:00:18.5:pcie04: service driver pciehp loaded
[    0.520348] pciehp 0000:00:18.6:pcie04: Slot #262 AttnBtn+ AttnInd- PwrInd- PwrCtrl+ MRL- Interlock- NoCompl+ LLActRep+
[    0.520525] pciehp 0000:00:18.6:pcie04: service driver pciehp loaded
[    0.520606] pciehp 0000:00:18.7:pcie04: Slot #263 AttnBtn+ AttnInd- PwrInd- PwrCtrl+ MRL- Interlock- NoCompl+ LLActRep+
[    0.520818] pciehp 0000:00:18.7:pcie04: service driver pciehp loaded
[    0.520827] pciehp: PCI Express Hot Plug Controller Driver version: 0.4
[    0.520857] vesafb: mode is 640x480x32, linelength=2560, pages=0
[    0.520858] vesafb: scrolling: redraw
[    0.520860] vesafb: Truecolor: size=8:8:8:8, shift=24:16:8:0
[    0.520907] vesafb: framebuffer at 0xe8000000, mapped to 0xffffc90008400000, using 1216k, total 1216k
[    0.522848] Console: switching to colour frame buffer device 80x30
[    0.524409] fb0: VESA VGA frame buffer device
[    0.524592] intel_idle: does not run on family 6 model 61
[    0.524642] GHES: HEST is not enabled!
[    0.524841] Serial: 8250/16550 driver, 4 ports, IRQ sharing disabled
[    0.525884] Linux agpgart interface v0.103
[    0.526378] rtc_cmos 00:03: rtc core: registered rtc_cmos as rtc0
[    0.526467] rtc_cmos 00:03: alarms up to one month, y3k, 114 bytes nvram, hpet irqs
[    0.526596] TCP: cubic registered
[    0.526753] NET: Registered protocol family 10
[    0.527148] NET: Registered protocol family 17
[    0.527605] Loading compiled-in X.509 certificates
[    0.527615] registered taskstats version 1
[    0.534241]   Magic number: 0:501:950
[    0.534265] tty tty7: hash matches
[    0.534318] acpi PNP0501:0b: hash matches
[    0.534326] memory memory3: hash matches
[    0.534464] rtc_cmos 00:03: setting system clock to 2016-05-08 19:55:18 UTC (1462737318)
[    0.534531] PM: Hibernation image not present or could not be loaded.
[    0.536090] Freeing unused kernel memory: 1108K (ffffffff818c7000 - ffffffff819dc000)
[    0.536092] Write protecting the kernel read-only data: 8192k
[    0.536523] Freeing unused kernel memory: 1012K (ffff880001503000 - ffff880001600000)
[    0.538139] Freeing unused kernel memory: 480K (ffff880001788000 - ffff880001800000)
[    0.545954] random: systemd-tmpfile urandom read with 1 bits of entropy available
[    0.629129] i8042: PNP: PS/2 Controller [PNP0303:KBC,PNP0f13:MOUS] at 0x60,0x64 irq 1,12
[    0.630245] serio: i8042 KBD port at 0x60,0x64 irq 1
[    0.630324] serio: i8042 AUX port at 0x60,0x64 irq 12
[    0.672393] SCSI subsystem initialized
[    0.674155] libata version 3.00 loaded.
[    0.674611] ata_piix 0000:00:07.1: version 2.13
[    0.675943] scsi0 : ata_piix
[    0.676976] Fusion MPT base driver 3.04.20
[    0.676979] Copyright (c) 1999-2008 LSI Corporation
[    0.678297] Fusion MPT SPI Host driver 3.04.20
[    0.678927] scsi1 : ata_piix
[    0.678979] ata1: PATA max UDMA/33 cmd 0x1f0 ctl 0x3f6 bmdma 0x1060 irq 14
[    0.678981] ata2: PATA max UDMA/33 cmd 0x170 ctl 0x376 bmdma 0x1068 irq 15
[    0.682848] mptbase: ioc0: Initiating bringup
[    0.723544] input: AT Translated Set 2 keyboard as /devices/platform/i8042/serio0/input/input0
[    0.742816] ioc0: LSI53C1030 B0: Capabilities={Initiator}
[    0.832932] ata2.00: ATAPI: VMware Virtual IDE CDROM Drive, 00000001, max UDMA/33
[    0.833138] ata1.00: ATA-4: VMware Virtual IDE Hard Drive, 00000001, max UDMA/33
[    0.833140] ata1.00: 41943040 sectors, multi 16: LBA 
[    0.833549] ata2.00: configured for UDMA/33
[    0.833671] ata1.00: configured for UDMA/33
[    0.833883] scsi 0:0:0:0: Direct-Access     ATA      VMware Virtual I 0000 PQ: 0 ANSI: 5
[    0.834375] scsi 1:0:0:0: CD-ROM            NECVMWar VMware IDE CDR10 1.00 PQ: 0 ANSI: 5
[    0.876714] scsi2 : ioc0: LSI53C1030 B0, FwRev=01032920h, Ports=1, MaxQ=128, IRQ=17
[    0.972928] sd 0:0:0:0: [sda] 41943040 512-byte logical blocks: (21.4 GB/20.0 GiB)
[    0.972954] sd 0:0:0:0: [sda] Write Protect is off
[    0.972955] sd 0:0:0:0: [sda] Mode Sense: 00 3a 00 00
[    0.972962] sd 0:0:0:0: [sda] Write cache: disabled, read cache: enabled, doesn't support DPO or FUA
[    0.973702]  sda: sda1 sda2
[    0.973831] sd 0:0:0:0: [sda] Attached SCSI disk
[    0.982850] sr0: scsi3-mmc drive: 1x/1x writer dvd-ram cd/rw xa/form2 cdda tray
[    0.982852] cdrom: Uniform CD-ROM driver Revision: 3.20
[    0.983006] sr 1:0:0:0: Attached scsi CD-ROM sr0
[    1.100433] EXT4-fs (sda1): mounted filesystem with ordered data mode. Opts: (null)
[    1.730059] ip_tables: (C) 2000-2006 Netfilter Core Team
[    1.773883] systemd[1]: systemd 229 running in system mode. (+PAM -AUDIT -SELINUX -IMA -APPARMOR +SMACK -SYSVINIT +UTMP +LIBCRYPTSETUP +GCRYPT +GNUTLS +ACL +XZ +LZ4 +SECCOMP +BLKID +ELFUTILS +KMOD +IDN)
[    1.773903] systemd[1]: Detected virtualization vmware.
[    1.773906] systemd[1]: Detected architecture x86-64.
[    1.780644] systemd[1]: Set hostname to <siddharth>.
[    2.322823] random: nonblocking pool is initialized
[    2.381684] systemd[1]: Created slice User and Session Slice.
[    2.381829] systemd[1]: Listening on /dev/initctl Compatibility Named Pipe.
[    2.381903] systemd[1]: Listening on Journal Socket (/dev/log).
[    2.381919] systemd[1]: Reached target Encrypted Volumes.
[    2.381963] systemd[1]: Listening on Device-mapper event daemon FIFOs.
[    2.382017] systemd[1]: Listening on udev Control Socket.
[    2.382072] systemd[1]: Listening on LVM2 metadata daemon socket.
[    2.382123] systemd[1]: Listening on Journal Socket.
[    2.382143] systemd[1]: Reached target Remote File Systems.
[    2.383523] systemd[1]: Listening on Process Core Dump Socket.
[    2.383689] systemd[1]: Set up automount Arbitrary Executable File Formats File System Automount Point.
[    2.383726] systemd[1]: Started Dispatch Password Requests to Console Directory Watch.
[    2.383805] systemd[1]: Created slice System Slice.
[    2.384725] systemd[1]: Mounting Temporary Directory...
[    2.384810] systemd[1]: Created slice system-getty.slice.
[    2.385117] systemd[1]: Starting Journal Service...
[    2.385465] systemd[1]: Mounting POSIX Message Queue File System...
[    2.385807] systemd[1]: Starting Setup Virtual Console...
[    2.416614] systemd[1]: Starting Apply Kernel Variables...
[    2.417101] systemd[1]: Mounting Huge Pages File System...
[    2.417694] systemd[1]: Starting Remount Root and Kernel File Systems...
[    2.418062] systemd[1]: Mounting Configuration File System...
[    2.418422] systemd[1]: Starting Create list of required static device nodes for the current kernel...
[    2.419224] systemd[1]: Mounting Debug File System...
[    2.420671] systemd[1]: Created slice system-dhcpcd.slice.
[    2.420747] systemd[1]: Listening on udev Kernel Socket.
[    2.420772] systemd[1]: Reached target Slices.
[    2.420867] systemd[1]: Started Forward Password Requests to Wall Directory Watch.
[    2.420898] systemd[1]: Reached target Paths.
[    2.564931] systemd[1]: Started Create list of required static device nodes for the current kernel.
[    2.601604] systemd[1]: Started Apply Kernel Variables.
[    2.629025] systemd[1]: Started Setup Virtual Console.
[    2.643528] systemd[1]: Mounted POSIX Message Queue File System.
[    2.643557] systemd[1]: Mounted Huge Pages File System.
[    2.654623] systemd[1]: Mounted Configuration File System.
[    2.655128] systemd[1]: Mounted Debug File System.
[    2.655157] systemd[1]: Mounted Temporary Directory.
[    2.663023] EXT4-fs (sda1): re-mounted. Opts: data=ordered
[    2.663914] systemd[1]: Started Remount Root and Kernel File Systems.
[    2.716320] systemd[1]: Starting udev Coldplug all Devices...
[    2.716647] systemd[1]: Starting Load/Save Random Seed...
[    2.716982] systemd[1]: Starting Create Static Device Nodes in /dev...
[    2.989142] systemd[1]: Started Load/Save Random Seed.
[    3.062248] systemd[1]: Started udev Coldplug all Devices.
[    3.387557] systemd[1]: Started Create Static Device Nodes in /dev.
[    3.387622] systemd[1]: Reached target Local File Systems (Pre).
[    3.387643] systemd[1]: Reached target Local File Systems.
[    3.388119] systemd[1]: Starting udev Kernel Device Manager...
[    3.932779] systemd[1]: Started udev Kernel Device Manager.
[    3.968076] systemd[1]: Started Journal Service.
[    4.006340] input: Power Button as /devices/LNXSYSTM:00/LNXPWRBN:00/input/input2
[    4.006343] ACPI: Power Button [PWRF]
[    4.042983] systemd-journald[124]: Received request to flush runtime journal from PID 1
[    4.048098] ACPI: AC Adapter [ACAD] (on-line)
[    4.144480] shpchp: Standard Hot Plug PCI Controller Driver version: 0.4
[    4.146720] agpgart-intel 0000:00:00.0: Intel 440BX Chipset
[    4.150803] [drm] Initialized drm 1.1.0 20060810
[    4.151547] agpgart-intel 0000:00:00.0: AGP aperture is 256M @ 0x0
[    4.166324] [drm] DMA map mode: Using physical TTM page addresses.
[    4.166429] [drm] Capabilities:
[    4.166430] [drm]   Rect copy.
[    4.166431] [drm]   Cursor.
[    4.166432] [drm]   Cursor bypass.
[    4.166433] [drm]   Cursor bypass 2.
[    4.166434] [drm]   8bit emulation.
[    4.166434] [drm]   Alpha cursor.
[    4.166435] [drm]   Extended Fifo.
[    4.166436] [drm]   Multimon.
[    4.166437] [drm]   Pitchlock.
[    4.166437] [drm]   Irq mask.
[    4.166438] [drm]   Display Topology.
[    4.166439] [drm]   GMR.
[    4.166440] [drm]   Traces.
[    4.166440] [drm]   GMR2.
[    4.166441] [drm]   Screen Object 2.
[    4.166442] [drm]   Command Buffers.
[    4.166442] [drm]   Command Buffers 2.
[    4.166443] [drm]   Guest Backed Resources.
[    4.166444] [drm] Max GMR ids is 64
[    4.166445] [drm] Max number of GMR pages is 65536
[    4.166446] [drm] Max dedicated hypervisor surface memory is 0 kiB
[    4.166447] [drm] Maximum display memory size is 4096 kiB
[    4.166448] [drm] VRAM at 0xe8000000 size is 4096 kiB
[    4.166449] [drm] MMIO at 0xfe000000 size is 256 kiB
[    4.166450] [drm] global init.
[    4.166511] [TTM] Zone  kernel: Available graphics memory: 1027276 kiB
[    4.166513] [TTM] Initializing pool allocator
[    4.166517] [TTM] Initializing DMA pool allocator
[    4.166548] vmwgfx 0000:00:0f.0: BAR 1: can't reserve [mem 0xe8000000-0xefffffff pref]
[    4.166550] [drm] It appears like vesafb is loaded. Ignore above error if any.
[    4.167523] [drm] Supports vblank timestamp caching Rev 2 (21.10.2013).
[    4.167525] [drm] No driver support for vblank timestamp query.
[    4.167768] [drm] Screen objects system initialized
[    4.167835] [drm] width 640
[    4.167845] [drm] height 480
[    4.167854] [drm] bpp 32
[    4.168283] [drm] Fifo max 0x00040000 min 0x00001000 cap 0x0000077f
[    4.172393] checking generic (e8000000 130000) vs hw (e8000000 400000)
[    4.172396] fb: conflicting fb hw usage svgadrmfb vs VESA VGA - removing generic driver
[    4.172410] Console: switching to colour dummy device 80x25
[    4.172530] fbcon: svgadrmfb (fb0) is primary device
[    4.201827] Console: switching to colour frame buffer device 100x37
[    4.203278] [drm] Initialized vmwgfx 2.5.0 20140228 for 0000:00:0f.0 on minor 0
[    4.218349] vmw_vmci 0000:00:07.7: Found VMCI PCI device at 0x11080, irq 16
[    4.218419] vmw_vmci 0000:00:07.7: Using capabilities 0xc
[    4.218616] vmw_vmci 0000:00:07.7: irq 72 for MSI/MSI-X
[    4.218670] vmw_vmci 0000:00:07.7: irq 73 for MSI/MSI-X
[    4.219022] Guest personality initialized and is active
[    4.219354] piix4_smbus 0000:00:07.3: SMBus Host Controller not enabled!
[    4.221574] VMCI host device registered (name=vmci, major=10, minor=59)
[    4.221577] Initialized host personality
[    4.314724] e1000: Intel(R) PRO/1000 Network Driver - version 7.3.21-k8-NAPI
[    4.314727] e1000: Copyright (c) 1999-2006 Intel Corporation.
[    4.346021] input: PC Speaker as /devices/platform/pcspkr/input/input3
[    4.389123] ppdev: user-space parallel port driver
[    4.440247] AVX2 version of gcm_enc/dec engaged.
[    4.484876] Adding 2097148k swap on /dev/sda2.  Priority:-1 extents:1 across:2097148k FS
[    4.745683] e1000 0000:02:00.0 eth0: (PCI:66MHz:32-bit) 00:0c:29:4e:b9:14
[    4.745689] e1000 0000:02:00.0 eth0: Intel(R) PRO/1000 Network Connection
[    4.830559] input: ImPS/2 Generic Wheel Mouse as /devices/platform/i8042/serio1/input/input4
[    4.961144] mousedev: PS/2 mouse device common for all mice
[    5.573684] cfg80211: Calling CRDA to update world regulatory domain
[    6.017629] e1000: ens32 NIC Link is Up 1000 Mbps Full Duplex, Flow Control: None
[    6.020271] IPv6: ADDRCONF(NETDEV_UP): ens32: link is not ready
[    6.020284] IPv6: ADDRCONF(NETDEV_CHANGE): ens32: link becomes ready
[  138.717156] sockopt(449): sk port pair: src(32829), dest(47528), progress(0)
[  138.717159] timer_init(449): Timer module installing, sk_ref_delay_enabled: 1
[  138.717160] ClDelay(449): DelayStatus:(1) DelayMS:(10000), cl_ctr(1)
[  138.717161] timer_start(449): Starting timer to fire in 10000ms (4294918931), cl_block flag val (1)
[  140.430255] tcp_push(449): socket blocked
[  141.265369] tcp_push(449): socket blocked
[  141.967539] tcp_push(449): socket blocked
[  142.671946] tcp_push(449): socket blocked
[  143.427336] tcp_push(449): socket blocked
[  144.182494] tcp_push(449): socket blocked
[  144.875215] tcp_push(449): socket blocked
[  145.642230] tcp_push(449): socket blocked
[  146.383400] tcp_push(449): socket blocked
[  148.724698] clcallback: (1)
[  148.724712] cl_timer_callback(449): callback for sock(2014283648)
[  148.724729] tcp_push(449): socket NOT blocked
[  148.724735] timer_start(449): Starting timer to fire in 10000ms (4294921936), cl_block flag val (1)
[  149.243964] tcp_push(449): socket blocked
[  149.982220] tcp_push(449): socket blocked
[  150.834221] tcp_push(449): socket blocked
[  151.731294] tcp_push(449): socket blocked
[  152.343896] tcp_push(449): socket blocked
[  153.093648] tcp_push(449): socket blocked
[  158.744500] clcallback: (2)
[  158.744513] cl_timer_callback(449): callback for sock(2014283648)
[  158.744526] tcp_push(449): socket NOT blocked
[  158.744531] timer_start(449): Starting timer to fire in 10000ms (4294924944), cl_block flag val (1)
[  166.881672] tcp_push(449): socket blocked
[  167.645920] tcp_push(449): socket blocked
[  168.307882] tcp_push(449): socket blocked
[  168.764249] clcallback: (3)
[  168.764252] cl_timer_callback(449): callback for sock(2014283648)
[  168.764258] tcp_push(449): socket NOT blocked
[  168.764261] timer_start(449): Starting timer to fire in 10000ms (4294927952), cl_block flag val (1)
[  168.939715] tcp_push(449): socket blocked
[  169.581807] tcp_push(449): socket blocked
[  170.162570] tcp_push(449): socket blocked
[  170.761550] tcp_push(449): socket blocked
[  171.332267] tcp_push(449): socket blocked
[  171.901976] tcp_push(449): socket blocked
[  172.450705] tcp_push(449): socket blocked
[  173.067189] tcp_push(449): socket blocked
[  173.572648] tcp_push(449): socket blocked
[  178.784180] clcallback: (4)
[  178.784199] cl_timer_callback(449): callback for sock(2014283648)
[  178.784227] tcp_push(449): socket NOT blocked
[  178.784236] timer_start(449): Starting timer to fire in 10000ms (4294930960), cl_block flag val (1)
[  186.711072] tcp_push(449): socket blocked
[  187.333299] tcp_push(449): socket blocked
[  187.949612] tcp_push(449): socket blocked
[  188.531410] tcp_push(449): socket blocked
[  188.803891] clcallback: (5)
[  188.803904] cl_timer_callback(449): callback for sock(2014283648)
[  188.803916] tcp_push(449): socket NOT blocked
[  188.803922] timer_start(449): Starting timer to fire in 10000ms (4294933968), cl_block flag val (1)
[  191.191230] tcp_push(449): socket blocked
[  192.259901] tcp_push(449): socket blocked
[  193.188308] tcp_push(449): socket blocked
[  194.042162] tcp_push(449): socket blocked
[  194.863467] tcp_push(449): socket blocked
[  195.614943] tcp_push(449): socket blocked
[  196.415740] tcp_push(449): socket blocked
[  197.195120] tcp_push(449): socket blocked
[  198.823967] clcallback: (6)
[  198.823997] cl_timer_callback(449): callback for sock(2014283648)
[  198.824030] tcp_push(449): socket NOT blocked
[  198.824044] timer_start(449): Starting timer to fire in 10000ms (4294936976), cl_block flag val (1)
[  208.843560] clcallback: (7)
[  208.843572] cl_timer_callback(449): callback for sock(2014283648)
[  208.843576] tcp_push(449): socket NOT blocked
[  208.843579] timer_start(449): Starting timer to fire in 10000ms (4294939984), cl_block flag val (1)
[  218.863295] clcallback: (8)
[  218.863308] cl_timer_callback(449): callback for sock(2014283648)
[  218.863311] tcp_push(449): socket NOT blocked
[  218.863314] timer_start(449): Starting timer to fire in 10000ms (4294942992), cl_block flag val (1)
[  228.883097] clcallback: (9)
[  228.883110] cl_timer_callback(449): callback for sock(2014283648)
[  228.883113] tcp_push(449): socket NOT blocked
[  228.883116] timer_start(449): Starting timer to fire in 10000ms (4294946000), cl_block flag val (1)
[  238.902913] clcallback: (10)
[  238.902925] cl_timer_callback(449): callback for sock(2014283648)
[  238.902929] tcp_push(449): socket NOT blocked
[  238.902932] timer_start(449): Starting timer to fire in 10000ms (4294949008), cl_block flag val (1)
[  248.922763] clcallback: (11)
[  248.922776] cl_timer_callback(449): callback for sock(2014283648)
[  248.922779] tcp_push(449): socket NOT blocked
[  248.922782] timer_start(449): Starting timer to fire in 10000ms (4294952016), cl_block flag val (1)
[  258.942706] clcallback: (12)
[  258.942719] cl_timer_callback(449): callback for sock(2014283648)
[  258.942723] tcp_push(449): socket NOT blocked
[  258.942726] timer_start(449): Starting timer to fire in 10000ms (4294955024), cl_block flag val (1)
[  268.962484] clcallback: (13)
[  268.962516] cl_timer_callback(449): callback for sock(2014283648)
[  268.962526] tcp_push(449): socket NOT blocked
[  268.962533] timer_start(449): Starting timer to fire in 10000ms (4294958032), cl_block flag val (1)
[  278.982248] clcallback: (14)
[  278.982261] cl_timer_callback(449): callback for sock(2014283648)
[  278.982265] tcp_push(449): socket NOT blocked
[  278.982268] timer_start(449): Starting timer to fire in 10000ms (4294961040), cl_block flag val (1)
[  289.001993] clcallback: (15)
[  289.002006] cl_timer_callback(449): callback for sock(2014283648)
[  289.002009] tcp_push(449): socket NOT blocked
[  289.002012] timer_start(449): Starting timer to fire in 10000ms (4294964048), cl_block flag val (1)
[  299.021940] clcallback: (16)
[  299.021968] cl_timer_callback(449): callback for sock(2014283648)
[  299.021977] tcp_push(449): socket NOT blocked
[  299.021985] timer_start(449): Starting timer to fire in 10000ms (4294967056), cl_block flag val (1)
[  309.041652] clcallback: (17)
[  309.041665] cl_timer_callback(449): callback for sock(2014283648)
[  309.041668] tcp_push(449): socket NOT blocked
[  309.041671] timer_start(449): Starting timer to fire in 10000ms (4294970064), cl_block flag val (1)
[  319.061470] clcallback: (18)
[  319.061483] cl_timer_callback(449): callback for sock(2014283648)
[  319.061486] tcp_push(449): socket NOT blocked
[  319.061488] timer_start(449): Starting timer to fire in 10000ms (4294973072), cl_block flag val (1)
[  329.081286] clcallback: (19)
[  329.081299] cl_timer_callback(449): callback for sock(2014283648)
[  329.081302] tcp_push(449): socket NOT blocked
[  329.081305] timer_start(449): Starting timer to fire in 10000ms (4294976080), cl_block flag val (1)
[  339.101041] clcallback: (20)
[  339.101054] cl_timer_callback(449): callback for sock(2014283648)
[  339.101058] tcp_push(449): socket NOT blocked
[  339.101061] timer_start(449): Starting timer to fire in 10000ms (4294979088), cl_block flag val (1)
[  349.120839] clcallback: (21)
[  349.120851] cl_timer_callback(449): callback for sock(2014283648)
[  349.120854] tcp_push(449): socket NOT blocked
[  349.120857] timer_start(449): Starting timer to fire in 10000ms (4294982096), cl_block flag val (1)
[  359.140706] clcallback: (22)
[  359.140719] cl_timer_callback(449): callback for sock(2014283648)
[  359.140723] tcp_push(449): socket NOT blocked
[  359.140726] timer_start(449): Starting timer to fire in 10000ms (4294985104), cl_block flag val (1)
[  369.160524] clcallback: (23)
[  369.160537] cl_timer_callback(449): callback for sock(2014283648)
[  369.160541] tcp_push(449): socket NOT blocked
[  369.160544] timer_start(449): Starting timer to fire in 10000ms (4294988112), cl_block flag val (1)
[  379.180270] clcallback: (24)
[  379.180289] cl_timer_callback(449): callback for sock(2014283648)
[  379.180295] tcp_push(449): socket NOT blocked
[  379.180300] timer_start(449): Starting timer to fire in 10000ms (4294991120), cl_block flag val (1)
[  389.200102] clcallback: (25)
[  389.200118] cl_timer_callback(449): callback for sock(2014283648)
[  389.200121] tcp_push(449): socket NOT blocked
[  389.200124] timer_start(449): Starting timer to fire in 10000ms (4294994128), cl_block flag val (1)
[  399.219876] clcallback: (26)
[  399.219892] cl_timer_callback(449): callback for sock(2014283648)
[  399.219896] tcp_push(449): socket NOT blocked
[  399.219899] timer_start(449): Starting timer to fire in 10000ms (4294997136), cl_block flag val (1)
[  409.239826] clcallback: (27)
[  409.239854] cl_timer_callback(449): callback for sock(2014283648)
[  409.239863] tcp_push(449): socket NOT blocked
[  409.239871] timer_start(449): Starting timer to fire in 10000ms (4295000144), cl_block flag val (1)
[  419.259581] clcallback: (28)
[  419.259594] cl_timer_callback(449): callback for sock(2014283648)
[  419.259597] tcp_push(449): socket NOT blocked
[  419.259600] timer_start(449): Starting timer to fire in 10000ms (4295003152), cl_block flag val (1)
[  429.279383] clcallback: (29)
[  429.279396] cl_timer_callback(449): callback for sock(2014283648)
[  429.279399] tcp_push(449): socket NOT blocked
[  429.279402] timer_start(449): Starting timer to fire in 10000ms (4295006160), cl_block flag val (1)
[  439.299180] clcallback: (30)
[  439.299193] cl_timer_callback(449): callback for sock(2014283648)
[  439.299196] tcp_push(449): socket NOT blocked
[  439.299199] timer_start(449): Starting timer to fire in 10000ms (4295009168), cl_block flag val (1)
[  449.319021] clcallback: (31)
[  449.319033] cl_timer_callback(449): callback for sock(2014283648)
[  449.319037] tcp_push(449): socket NOT blocked
[  449.319040] timer_start(449): Starting timer to fire in 10000ms (4295012176), cl_block flag val (1)
[  459.338811] clcallback: (32)
[  459.338824] cl_timer_callback(449): callback for sock(2014283648)
[  459.338827] tcp_push(449): socket NOT blocked
[  459.338830] timer_start(449): Starting timer to fire in 10000ms (4295015184), cl_block flag val (1)
[  469.358542] clcallback: (33)
[  469.358561] cl_timer_callback(449): callback for sock(2014283648)
[  469.358566] tcp_push(449): socket NOT blocked
[  469.358570] timer_start(449): Starting timer to fire in 10000ms (4295018192), cl_block flag val (1)
[  479.378380] clcallback: (34)
[  479.378393] cl_timer_callback(449): callback for sock(2014283648)
[  479.378396] tcp_push(449): socket NOT blocked
[  479.378400] timer_start(449): Starting timer to fire in 10000ms (4295021200), cl_block flag val (1)
[  489.398190] clcallback: (35)
[  489.398202] cl_timer_callback(449): callback for sock(2014283648)
[  489.398206] tcp_push(449): socket NOT blocked
[  489.398209] timer_start(449): Starting timer to fire in 10000ms (4295024208), cl_block flag val (1)
[  499.418049] clcallback: (36)
[  499.418063] cl_timer_callback(449): callback for sock(2014283648)
[  499.418066] tcp_push(449): socket NOT blocked
[  499.418069] timer_start(449): Starting timer to fire in 10000ms (4295027216), cl_block flag val (1)
[  509.437858] clcallback: (37)
[  509.437871] cl_timer_callback(449): callback for sock(2014283648)
[  509.437874] tcp_push(449): socket NOT blocked
[  509.437877] timer_start(449): Starting timer to fire in 10000ms (4295030224), cl_block flag val (1)
[  519.457634] clcallback: (38)
[  519.457651] cl_timer_callback(449): callback for sock(2014283648)
[  519.457656] tcp_push(449): socket NOT blocked
[  519.457660] timer_start(449): Starting timer to fire in 10000ms (4295033232), cl_block flag val (1)
[  529.477514] clcallback: (39)
[  529.477543] cl_timer_callback(449): callback for sock(2014283648)
[  529.477552] tcp_push(449): socket NOT blocked
[  529.477560] timer_start(449): Starting timer to fire in 10000ms (4295036240), cl_block flag val (1)
[  539.497258] clcallback: (40)
[  539.497271] cl_timer_callback(449): callback for sock(2014283648)
[  539.497274] tcp_push(449): socket NOT blocked
[  539.497277] timer_start(449): Starting timer to fire in 10000ms (4295039248), cl_block flag val (1)
[  544.420926] cl_cleanup_timer(449): The timer is still in use...
[  544.420928] cl_cleanup_timer(449): timer deleting
[  599.548457] sockopt(528): sk port pair: src(47097), dest(0), progress(0)
[  599.548460] timer_init(528): Timer module installing, sk_ref_delay_enabled: 1
[  599.548461] ClDelay(528): DelayStatus:(1) DelayMS:(150), cl_ctr(2)
[  599.548462] timer_start(528): Starting timer to fire in 150ms (4295057275), cl_block flag val (1)
[  599.549155] tcp_push(528): socket blocked
[  599.549165] tcp_push(528): socket blocked
[  599.549167] tcp_push(528): socket blocked
[  599.549168] tcp_push(528): socket blocked
[  599.549170] tcp_push(528): socket blocked
[  599.549171] tcp_push(528): socket blocked
[  599.549173] tcp_push(528): socket blocked
[  599.549174] tcp_push(528): socket blocked
[  599.549184] tcp_push(528): socket blocked
[  599.696023] clcallback: (41)
[  599.696026] cl_timer_callback(528): callback for sock(2082088320)
[  599.696034] tcp_push(528): socket NOT blocked
[  599.696038] timer_start(528): Starting timer to fire in 150ms (4295057320), cl_block flag val (1)
[  599.697167] tcp_push(528): socket blocked
[  599.697177] tcp_push(528): socket blocked
[  599.697180] tcp_push(528): socket blocked
[  599.697181] tcp_push(528): socket blocked
[  599.697183] tcp_push(528): socket blocked
[  599.697185] tcp_push(528): socket blocked
[  599.697186] tcp_push(528): socket blocked
[  599.697188] tcp_push(528): socket blocked
[  599.697190] tcp_push(528): socket blocked
[  599.846046] clcallback: (42)
[  599.846061] cl_timer_callback(528): callback for sock(2082088320)
[  599.846073] tcp_push(528): socket NOT blocked
[  599.846080] timer_start(528): Starting timer to fire in 150ms (4295057365), cl_block flag val (1)
[  599.848248] tcp_push(528): socket blocked
[  599.848263] tcp_push(528): socket blocked
[  599.848266] tcp_push(528): socket blocked
[  599.848268] tcp_push(528): socket blocked
[  599.848270] tcp_push(528): socket blocked
[  599.848272] tcp_push(528): socket blocked
[  599.848274] tcp_push(528): socket blocked
[  599.848276] tcp_push(528): socket blocked
[  599.848278] tcp_push(528): socket blocked
[  599.995892] clcallback: (43)
[  599.995907] cl_timer_callback(528): callback for sock(2082088320)
[  599.995917] tcp_push(528): socket NOT blocked
[  599.995922] timer_start(528): Starting timer to fire in 150ms (4295057410), cl_block flag val (1)
[  599.997426] tcp_push(528): socket blocked
[  599.997436] tcp_push(528): socket blocked
[  599.997438] tcp_push(528): socket blocked
[  599.997440] tcp_push(528): socket blocked
[  599.997442] tcp_push(528): socket blocked
[  599.997443] tcp_push(528): socket blocked
[  599.997444] tcp_push(528): socket blocked
[  599.997455] tcp_push(528): socket blocked
[  599.997456] tcp_push(528): socket blocked
[  600.145805] clcallback: (44)
[  600.145819] cl_timer_callback(528): callback for sock(2082088320)
[  600.145830] tcp_push(528): socket NOT blocked
[  600.145836] timer_start(528): Starting timer to fire in 150ms (4295057455), cl_block flag val (1)
[  600.147459] tcp_push(528): socket blocked
[  600.147470] tcp_push(528): socket blocked
[  600.147472] tcp_push(528): socket blocked
[  600.147473] tcp_push(528): socket blocked
[  600.147475] tcp_push(528): socket blocked
[  600.147476] tcp_push(528): socket blocked
[  600.147478] tcp_push(528): socket blocked
[  600.147479] tcp_push(528): socket blocked
[  600.147480] tcp_push(528): socket blocked
[  600.295743] clcallback: (45)
[  600.295757] cl_timer_callback(528): callback for sock(2082088320)
[  600.295767] tcp_push(528): socket NOT blocked
[  600.295773] timer_start(528): Starting timer to fire in 150ms (4295057500), cl_block flag val (1)
[  600.297242] tcp_push(528): socket blocked
[  600.297252] tcp_push(528): socket blocked
[  600.297254] tcp_push(528): socket blocked
[  600.297256] tcp_push(528): socket blocked
[  600.297257] tcp_push(528): socket blocked
[  600.297258] tcp_push(528): socket blocked
[  600.297260] tcp_push(528): socket blocked
[  600.297261] tcp_push(528): socket blocked
[  600.297262] tcp_push(528): socket blocked
[  600.445644] clcallback: (46)
[  600.445659] cl_timer_callback(528): callback for sock(2082088320)
[  600.445670] tcp_push(528): socket NOT blocked
[  600.445675] timer_start(528): Starting timer to fire in 150ms (4295057545), cl_block flag val (1)
[  600.447325] tcp_push(528): socket blocked
[  600.447341] tcp_push(528): socket blocked
[  600.447346] tcp_push(528): socket blocked
[  600.447348] tcp_push(528): socket blocked
[  600.447350] tcp_push(528): socket blocked
[  600.447352] tcp_push(528): socket blocked
[  600.447354] tcp_push(528): socket blocked
[  600.447356] tcp_push(528): socket blocked
[  600.447357] tcp_push(528): socket blocked
[  600.595552] clcallback: (47)
[  600.595568] cl_timer_callback(528): callback for sock(2082088320)
[  600.595581] tcp_push(528): socket NOT blocked
[  600.595589] timer_start(528): Starting timer to fire in 150ms (4295057590), cl_block flag val (1)
[  600.598055] tcp_push(528): socket blocked
[  600.598069] tcp_push(528): socket blocked
[  600.598072] tcp_push(528): socket blocked
[  600.598075] tcp_push(528): socket blocked
[  600.598077] tcp_push(528): socket blocked
[  600.598079] tcp_push(528): socket blocked
[  600.598082] tcp_push(528): socket blocked
[  600.598084] tcp_push(528): socket blocked
[  600.598086] tcp_push(528): socket blocked
[  600.745405] clcallback: (48)
[  600.745418] cl_timer_callback(528): callback for sock(2082088320)
[  600.745428] tcp_push(528): socket NOT blocked
[  600.745433] timer_start(528): Starting timer to fire in 150ms (4295057635), cl_block flag val (1)
[  600.746988] tcp_push(528): socket blocked
[  600.746998] tcp_push(528): socket blocked
[  600.747000] tcp_push(528): socket blocked
[  600.747002] tcp_push(528): socket blocked
[  600.747003] tcp_push(528): socket blocked
[  600.747005] tcp_push(528): socket blocked
[  600.747006] tcp_push(528): socket blocked
[  600.747008] tcp_push(528): socket blocked
[  600.747009] tcp_push(528): socket blocked
[  600.895277] clcallback: (49)
